command=/work/repos/source/obstack-master/build_release/src/obstack <source_built_observer_pid>
observer_pid=46
observer_pid_source=background child pid; run/observer.pid was not created in -N mode
observer_binary=/work/repos/source/oceanbase-v4.5.0_CE/build_release/src/observer/observer
observer_binary_file=ELF 64-bit LSB shared object, x86-64, version 1 (SYSV), dynamically linked, interpreter /lib64/ld-linux-x86-64.so.2, for GNU/Linux 3.2.0, BuildID[sha1]=5b9de1e9d53c4ad19d9cf908f44f6b513d2a8da8, with debug_info, not stripped
obstack_binary=/work/repos/source/obstack-master/build_release/src/obstack
obstack_binary_file=ELF 64-bit LSB shared object, x86-64, version 1 (GNU/Linux), dynamically linked, interpreter /lib64/ld-linux-x86-64.so.2, for GNU/Linux 2.6.32, BuildID[sha1]=3565e1a7959d74b2864ddfcd13bdb7cc9e0db659, with debug_info, not stripped
runtime=podman almalinux:8 with SYS_PTRACE and seccomp=unconfined
exit_code=0
obstack_output_bytes=513661
obstack_stderr_bytes=388
obstack_output_lines=4247
ptrace_denied_lines=0
status=PASS

obstack_stderr_sample:
[2026-05-11 06:36:58.851388] INFO [get_options@main.cpp:141] [439] input pid: 46
[2026-05-11 06:36:58.893260] INFO [main@main.cpp:432] [440] all tracees detached, task_cnt: 379, cost(ms): 41.871000
[2026-05-11 06:37:00.862325] INFO [main@main.cpp:335] [439] parse addrs finish, cost(ms): 1968.688000
[2026-05-11 06:37:00.866037] INFO [main@main.cpp:344] [439] exit, cost(ms): 2014.650000

obstack_stdout_sample:
Thread 46 (observer)
#0    0x00007f0f20b080a8 in nanosleep from /usr/lib64/libc-2.28.so
#1    0x00007f0f20b35968 in usleep from /usr/lib64/libc-2.28.so
#2    0x0000562bf9d802bf in void oceanbase::common::ob_usleep<(oceanbase::common::ObWaitEventIds::ObWaitEventIdEnum)42>(unsigned int, long) at ./build_release/src/observer/./deps/oblib/src/lib/stat/ob_diagnose_info.h:278
#3    0x0000562bfc834e1d in oceanbase::observer::ObLeaseStateMgr::register_self_busy_wait() at ./build_release/src/observer/./src/observer/ob_lease_state_mgr.cpp:161
#4    0x0000562bfde4f22d in oceanbase::observer::ObService::register_self() at ./build_release/src/observer/./src/observer/ob_service.cpp:240
#5    0x0000562bfde4f8d3 in oceanbase::observer::ObService::start() at ./build_release/src/observer/./src/observer/ob_service.cpp:266
#6    0x0000562bfdcec253 in oceanbase::observer::ObServer::start() at ./build_release/src/observer/./src/observer/ob_server.cpp:1079
#7    0x0000562bf9d841b8 in inner_main(int, char**) at ./build_release/src/observer/./src/observer/main.cpp:662
#8    0x0000562bf9d8e790 in std::_Function_handler<int (), main::$_0>::_M_invoke(std::_Any_data const&) from /work/repos/source/oceanbase-v4.5.0_CE/build_release/src/observer/observer
#9    0x0000562c149f1420 in oceanbase::common::jump_call(void*, int (*)(void*), void*) at ./build_release/deps/oblib/src/common/./deps/oblib/src/common/ob_smart_call.cpp:26
#10   0x0000562bf9d86395 in main from /work/repos/source/oceanbase-v4.5.0_CE/build_release/src/observer/observer
#11   0x00007f0f20a3a865 in __libc_start_main from /usr/lib64/libc-2.28.so
#12   0x0000562bf9d8002e in _start from /work/repos/source/oceanbase-v4.5.0_CE/build_release/src/observer/observer
Thread 56 (TimerWK0)
#0    0x00007f0f20a3949d in syscall from /usr/lib64/libc-2.28.so
#1    0x0000562c13a2a310 in futex_hook at ./build_release/deps/oblib/src/lib/./deps/oblib/src/lib/thread/thread.h:130
#2    0x0000562c1351efc0 in oceanbase::lib::ObFutex::wait(int, long) from /work/repos/source/oceanbase-v4.5.0_CE/build_release/src/observer/observer
#3    0x0000562c13687e09 in oceanbase::common::ObLightyQueue::pop(void*&, long) from /work/repos/source/oceanbase-v4.5.0_CE/build_release/src/observer/observer
#4    0x0000562bfd0c7c6c in oceanbase::common::ObSimpleThreadPoolBase<oceanbase::common::ObLightyQueue>::run1() at ./build_release/src/observer/./deps/oblib/src/lib/thread/ob_simple_thread_pool.ipp:136
#5    0x0000562c13a1088f in oceanbase::lib::Threads::run(long) from /work/repos/source/oceanbase-v4.5.0_CE/build_release/src/observer/observer
#6    0x0000562c13a25192 in oceanbase::lib::Thread::__th_start(void*) at ./build_release/deps/oblib/src/lib/./deps/oblib/src/lib/thread/thread.cpp:344
#7    0x00007f0f20e081ca in start_thread from /usr/lib64/libpthread-2.28.so
#8    0x00007f0f20a39953 in clone from /usr/lib64/libc-2.28.so
Thread 57 (TimerWK1)
#0    0x00007f0f20a3949d in syscall from /usr/lib64/libc-2.28.so
#1    0x0000562c13a2a310 in futex_hook at ./build_release/deps/oblib/src/lib/./deps/oblib/src/lib/thread/thread.h:130
#2    0x0000562c1351efc0 in oceanbase::lib::ObFutex::wait(int, long) from /work/repos/source/oceanbase-v4.5.0_CE/build_release/src/observer/observer
#3    0x0000562c13687e09 in oceanbase::common::ObLightyQueue::pop(void*&, long) from /work/repos/source/oceanbase-v4.5.0_CE/build_release/src/observer/observer
#4    0x0000562bfd0c7c6c in oceanbase::common::ObSimpleThreadPoolBase<oceanbase::common::ObLightyQueue>::run1() at ./build_release/src/observer/./deps/oblib/src/lib/thread/ob_simple_thread_pool.ipp:136
#5    0x0000562c13a1088f in oceanbase::lib::Threads::run(long) from /work/repos/source/oceanbase-v4.5.0_CE/build_release/src/observer/observer
#6    0x0000562c13a25192 in oceanbase::lib::Thread::__th_start(void*) at ./build_release/deps/oblib/src/lib/./deps/oblib/src/lib/thread/thread.cpp:344
#7    0x00007f0f20e081ca in start_thread from /usr/lib64/libpthread-2.28.so
#8    0x00007f0f20a39953 in clone from /usr/lib64/libc-2.28.so
Thread 58 (TimerWK2)
#0    0x00007f0f20a3949d in syscall from /usr/lib64/libc-2.28.so
#1    0x0000562c13a2a310 in futex_hook at ./build_release/deps/oblib/src/lib/./deps/oblib/src/lib/thread/thread.h:130
#2    0x0000562c1351efc0 in oceanbase::lib::ObFutex::wait(int, long) from /work/repos/source/oceanbase-v4.5.0_CE/build_release/src/observer/observer
#3    0x0000562c13687e09 in oceanbase::common::ObLightyQueue::pop(void*&, long) from /work/repos/source/oceanbase-v4.5.0_CE/build_release/src/observer/observer
#4    0x0000562bfd0c7c6c in oceanbase::common::ObSimpleThreadPoolBase<oceanbase::common::ObLightyQueue>::run1() at ./build_release/src/observer/./deps/oblib/src/lib/thread/ob_simple_thread_pool.ipp:136
#5    0x0000562c13a1088f in oceanbase::lib::Threads::run(long) from /work/repos/source/oceanbase-v4.5.0_CE/build_release/src/observer/observer
#6    0x0000562c13a25192 in oceanbase::lib::Thread::__th_start(void*) at ./build_release/deps/oblib/src/lib/./deps/oblib/src/lib/thread/thread.cpp:344
#7    0x00007f0f20e081ca in start_thread from /usr/lib64/libpthread-2.28.so
#8    0x00007f0f20a39953 in clone from /usr/lib64/libc-2.28.so
Thread 59 (TimerWK3)
#0    0x00007f0f20a3949d in syscall from /usr/lib64/libc-2.28.so
#1    0x0000562c13a2a310 in futex_hook at ./build_release/deps/oblib/src/lib/./deps/oblib/src/lib/thread/thread.h:130
#2    0x0000562c1351efc0 in oceanbase::lib::ObFutex::wait(int, long) from /work/repos/source/oceanbase-v4.5.0_CE/build_release/src/observer/observer
#3    0x0000562c13687e09 in oceanbase::common::ObLightyQueue::pop(void*&, long) from /work/repos/source/oceanbase-v4.5.0_CE/build_release/src/observer/observer
#4    0x0000562bfd0c7c6c in oceanbase::common::ObSimpleThreadPoolBase<oceanbase::common::ObLightyQueue>::run1() at ./build_release/src/observer/./deps/oblib/src/lib/thread/ob_simple_thread_pool.ipp:136
#5    0x0000562c13a1088f in oceanbase::lib::Threads::run(long) from /work/repos/source/oceanbase-v4.5.0_CE/build_release/src/observer/observer
#6    0x0000562c13a25192 in oceanbase::lib::Thread::__th_start(void*) at ./build_release/deps/oblib/src/lib/./deps/oblib/src/lib/thread/thread.cpp:344
#7    0x00007f0f20e081ca in start_thread from /usr/lib64/libpthread-2.28.so
#8    0x00007f0f20a39953 in clone from /usr/lib64/libc-2.28.so
Thread 60 (TimerSvr)
#0    0x00007f0f20e0e6e5 in __pthread_cond_timedwait from /usr/lib64/libpthread-2.28.so
#1    0x0000562c13a2a0de in ob_pthread_cond_timedwait at ./build_release/deps/oblib/src/lib/./deps/oblib/src/lib/thread/thread.h:130
#2    0x0000562c026216a4 in bool obutil::Cond::timed_wait_impl<obutil::ObUtilMutex>(obutil::ObUtilMutex const&, obutil::ObSysTime const&) const from /work/repos/source/oceanbase-v4.5.0_CE/build_release/src/observer/observer
#3    0x0000562c1352736b in oceanbase::common::ObTimerService::run1() from /work/repos/source/oceanbase-v4.5.0_CE/build_release/src/observer/observer
#4    0x0000562c13a1088f in oceanbase::lib::Threads::run(long) from /work/repos/source/oceanbase-v4.5.0_CE/build_release/src/observer/observer
#5    0x0000562c13a25192 in oceanbase::lib::Thread::__th_start(void*) at ./build_release/deps/oblib/src/lib/./deps/oblib/src/lib/thread/thread.cpp:344
#6    0x00007f0f20e081ca in start_thread from /usr/lib64/libpthread-2.28.so
#7    0x00007f0f20a39953 in clone from /usr/lib64/libc-2.28.so
Thread 61 (qth_mgr)
#0    0x00007f0f20b080a8 in nanosleep from /usr/lib64/libc-2.28.so
#1    0x00007f0f20b35968 in usleep from /usr/lib64/libc-2.28.so
#2    0x0000562bf9d802bf in void oceanbase::common::ob_usleep<(oceanbase::common::ObWaitEventIds::ObWaitEventIdEnum)42>(unsigned int, long) at ./build_release/src/observer/./deps/oblib/src/lib/stat/ob_diagnose_info.h:278
#3    0x0000562c13a11c9a in oceanbase::common::ObSimpleThreadPoolDynamicMgr::run1() from /work/repos/source/oceanbase-v4.5.0_CE/build_release/src/observer/observer
#4    0x0000562c13a1088f in oceanbase::lib::Threads::run(long) from /work/repos/source/oceanbase-v4.5.0_CE/build_release/src/observer/observer
#5    0x0000562c13a25192 in oceanbase::lib::Thread::__th_start(void*) at ./build_release/deps/oblib/src/lib/./deps/oblib/src/lib/thread/thread.cpp:344
#6    0x00007f0f20e081ca in start_thread from /usr/lib64/libpthread-2.28.so
#7    0x00007f0f20a39953 in clone from /usr/lib64/libc-2.28.so
Thread 62 (OB_PLOG)
#0    0x00007f0f20a3949d in syscall from /usr/lib64/libc-2.28.so
#1    0x0000562c13a2a310 in futex_hook at ./build_release/deps/oblib/src/lib/./deps/oblib/src/lib/thread/thread.h:130
#2    0x0000562c1351efc0 in oceanbase::lib::ObFutex::wait(int, long) from /work/repos/source/oceanbase-v4.5.0_CE/build_release/src/observer/observer
#3    0x0000562bfcf06536 in oceanbase::common::SimpleCond::wait(unsigned int, long) at ./build_release/src/observer/./deps/oblib/src/lib/lock/ob_scond.h:47
#4    0x0000562c13448705 in oceanbase::common::ObBaseLogWriter::do_flush_log() from /work/repos/source/oceanbase-v4.5.0_CE/build_release/src/observer/observer
#5    0x0000562c1344863c in oceanbase::common::ObBaseLogWriter::flush_log() at ./build_release/deps/oblib/src/lib/./deps/oblib/src/lib/oblog/ob_base_log_writer.cpp:272
#6    0x0000562c13448456 in oceanbase::common::ObBaseLogWriter::flush_log_thread(void*) from /work/repos/source/oceanbase-v4.5.0_CE/build_release/src/observer/observer
#7    0x0000562c13a1088f in oceanbase::lib::Threads::run(long) from /work/repos/source/oceanbase-v4.5.0_CE/build_release/src/observer/observer
#8    0x0000562c13a25192 in oceanbase::lib::Thread::__th_start(void*) at ./build_release/deps/oblib/src/lib/./deps/oblib/src/lib/thread/thread.cpp:344
#9    0x00007f0f20e081ca in start_thread from /usr/lib64/libpthread-2.28.so
#10   0x00007f0f20a39953 in clone from /usr/lib64/libc-2.28.so
Thread 63 (SyslogCompress)
#0    0x00007f0f20e0e628 in __pthread_cond_timedwait from /usr/lib64/libpthread-2.28.so
#1    0x0000562c13a2a0de in ob_pthread_cond_timedwait at ./build_release/deps/oblib/src/lib/./deps/oblib/src/lib/thread/thread.h:130
#2    0x0000562c13523137 in oceanbase::common::ObThreadCond::wait_us(unsigned long, long, long) at ./build_release/deps/oblib/src/lib/./deps/oblib/src/lib/lock/ob_thread_cond.cpp:105
#3    0x0000562c13458240 in oceanbase::common::ObLogCompressor::log_compress_loop_() at ./build_release/deps/oblib/src/lib/./deps/oblib/src/lib/oblog/ob_log_compressor.cpp:236
#4    0x0000562c134453f1 in oceanbase::common::ObLogCompressor::run1() at ./build_release/deps/oblib/src/lib/./deps/oblib/src/lib/oblog/ob_log_compressor.cpp:196
#5    0x0000562c13a1088f in oceanbase::lib::Threads::run(long) from /work/repos/source/oceanbase-v4.5.0_CE/build_release/src/observer/observer
#6    0x0000562c13a25192 in oceanbase::lib::Thread::__th_start(void*) at ./build_release/deps/oblib/src/lib/./deps/oblib/src/lib/thread/thread.cpp:344
#7    0x00007f0f20e081ca in start_thread from /usr/lib64/libpthread-2.28.so
#8    0x00007f0f20a39953 in clone from /usr/lib64/libc-2.28.so
Thread 64 (LogLimiterRefre)
#0    0x00007f0f20b080a8 in nanosleep from /usr/lib64/libc-2.28.so
#1    0x00007f0f20b35968 in usleep from /usr/lib64/libc-2.28.so
#2    0x0000562c092c44be in oceanbase::share::ObSyslogPerErrLimiter::RefreshThread::run1() at ./build_release/src/share/./deps/oblib/src/lib/stat/ob_diagnose_info.h:278
#3    0x0000562c13a1088f in oceanbase::lib::Threads::run(long) from /work/repos/source/oceanbase-v4.5.0_CE/build_release/src/observer/observer
#4    0x0000562c13a25192 in oceanbase::lib::Thread::__th_start(void*) at ./build_release/deps/oblib/src/lib/./deps/oblib/src/lib/thread/thread.cpp:344
#5    0x00007f0f20e081ca in start_thread from /usr/lib64/libpthread-2.28.so
#6    0x00007f0f20a39953 in clone from /usr/lib64/libc-2.28.so
Thread 65 (obdal)
#0    0x00007f0f20a3949d in syscall from /usr/lib64/libc-2.28.so
#1    0x0000562c1544edf5 in std::sys::sync::condvar::futex::Condvar::wait at /rustc/90b35a6239c3d8bdabc530a6a0816f7ff89a0aaf/library/std/src/sys/pal/unix/futex.rs:82
#2    0x0000562c15466479 in tokio::runtime::scheduler::multi_thread::park::Parker::park at /rustc/90b35a6239c3d8bdabc530a6a0816f7ff89a0aaf/library/core/src/sync/atomic.rs:3329
#3    0x0000562c15471de7 in tokio::runtime::scheduler::multi_thread::worker::Context::park_timeout from /work/repos/source/oceanbase-v4.5.0_CE/build_release/src/observer/observer
#4    0x0000562c1547139a in tokio::runtime::scheduler::multi_thread::worker::Context::run from /work/repos/source/oceanbase-v4.5.0_CE/build_release/src/observer/observer
#5    0x0000562c15462506 in tokio::runtime::context::scoped::Scoped<T>::set at /root/.cargo/registry/src/rsproxy.cn-0dccff568467c15b/tokio-1.47.1/src/runtime/scheduler/multi_thread/worker.rs:504
#6    0x0000562c1546c01c in tokio::runtime::context::runtime::enter_runtime from /work/repos/source/oceanbase-v4.5.0_CE/build_release/src/observer/observer
#7    0x0000562c154706fc in tokio::runtime::scheduler::multi_thread::worker::run at /rustc/90b35a6239c3d8bdabc530a6a0816f7ff89a0aaf/library/core/src/sync/atomic.rs:3381
#8    0x0000562c15463a45 in tokio::runtime::task::core::Core<T,S>::poll at /root/.cargo/registry/src/rsproxy.cn-0dccff568467c15b/tokio-1.47.1/src/loom/std/unsafe_cell.rs:16
#9    0x0000562c1545c8e4 in tokio::runtime::task::harness::Harness<T,S>::poll at /root/.cargo/registry/src/rsproxy.cn-0dccff568467c15b/tokio-1.47.1/src/runtime/task/harness.rs:541
#10   0x0000562c15474540 in tokio::runtime::blocking::pool::Inner::run at /rustc/90b35a6239c3d8bdabc530a6a0816f7ff89a0aaf/library/core/src/sync/atomic.rs:3382
#11   0x0000562c1545e48e in std::sys::backtrace::__rust_begin_short_backtrace at /root/.cargo/registry/src/rsproxy.cn-0dccff568467c15b/tokio-1.47.1/src/runtime/blocking/pool.rs:475
#12   0x0000562c1545ec99 in core::ops::function::FnOnce::call_once{{vtable-shim}} from /work/repos/source/oceanbase-v4.5.0_CE/build_release/src/observer/observer
#13   0x0000562c1544ca9b in std::sys::pal::unix::thread::Thread::new::thread_start at /rustc/90b35a6239c3d8bdabc530a6a0816f7ff89a0aaf/library/core/src/mem/mod.rs:396
#14   0x00007f0f20e081ca in start_thread from /usr/lib64/libpthread-2.28.so
#15   0x00007f0f20a39953 in clone from /usr/lib64/libc-2.28.so
Thread 66 (obdal)
