command=source_build_probe
repo=https://github.com/oceanbase/obstack.git
release_tag=none-published
commit=d91edd6d882a33b69164f8d3e809092408da3a33
source_dir_present=yes
source_commit=d91edd6d882a33b69164f8d3e809092408da3a33

host_probe:
os=Arch Linux
id=arch
arch=x86_64
cmake=/usr/bin/cmake
observed_command=timeout 120 bash -lc 'cd repos/source/obstack-master && ./build.sh release'
observed_status=BLOCKED_ON_HOST
observed_error_1=deps/dep_create.sh reports unsupported host on Arch Linux.
observed_error_2=build.sh then cannot find deps/usr/local/oceanbase/devtools/bin/cmake.

podman_source_build:
image=docker.io/library/centos:7
command=OBSTACK_BUILD_MODE=podman-centos7 OBSTACK_SOURCE_DIR=/home/mira/.slock/agents/b620fb72-907e-492d-9dc1-7454d39719f2/projects/stacktrace-research-repro/repos/source/obstack-master /home/mira/.slock/agents/b620fb72-907e-492d-9dc1-7454d39719f2/projects/stacktrace-research-repro/schemes/ob-open-obstack-ptrace/build.sh
revision_workaround=make CXX_DEFINES=-DREVISION=\"d91edd6d882a33b69164f8d3e809092408da3a33\"
revision_workaround_reason=upstream CMake executes git log from the build directory, leaving REVISION empty under this mounted build.
exit_code=0
binary_path_host=/home/mira/.slock/agents/b620fb72-907e-492d-9dc1-7454d39719f2/projects/stacktrace-research-repro/repos/source/obstack-master/build_release/src/obstack
binary_exists=yes
binary_size_bytes=15488600
binary_file=ELF 64-bit LSB pie executable, x86-64, version 1 (GNU/Linux), dynamically linked, interpreter /lib64/ld-linux-x86-64.so.2, for GNU/Linux 2.6.32, BuildID[sha1]=3565e1a7959d74b2864ddfcd13bdb7cc9e0db659, with debug_info, not stripped
binary_build_id=3565e1a7959d74b2864ddfcd13bdb7cc9e0db659
version_output=not_run_on_host; runtime is verified by attach_synthetic.out and attach_observer.out
status=PASS

decision=PASS: open-source obstack was built from source under podman CentOS 7; no release binary evidence is used.
