command=sudo bpftrace commands/bpftrace_ustack.bt <target-pid>
status=PASS
expected_worker_threads=6
profile_stdout_lines=1277
all_native_threads=no
live_api_fit=no

target_threads:
pid=3659 main_tid=3659 cpu_threads=2 sleep_threads=2 blocked_threads=2 seconds=14
thread role=cpu id=0 tid=3661
thread role=cpu id=1 tid=3662
thread role=sleep id=0 tid=3663
thread role=sleep id=1 tid=3664
thread role=mutex_blocked id=0 tid=3665
thread role=mutex_blocked id=1 tid=3666
sink=8333812611907016751

bpftrace_output_head:
Attaching 2 probes...


@[
    0x72db52792b6c
    (anonymous namespace)::target_leaf(unsigned long)+154
    (anonymous namespace)::target_level_three(unsigned long)+13
    (anonymous namespace)::target_level_two(unsigned long)+13
    (anonymous namespace)::target_level_one(unsigned long)+13
    (anonymous namespace)::cpu_worker(int)+57
    0x72db528ecdb4
    0x72db5249caa4
    0x72db52529c6c
]: 1
@[
    (anonymous namespace)::target_leaf(unsigned long)+180
    (anonymous namespace)::target_level_three(unsigned long)+13
    (anonymous namespace)::target_level_two(unsigned long)+13
    (anonymous namespace)::target_level_one(unsigned long)+13
    (anonymous namespace)::cpu_worker(int)+57
    0x72db528ecdb4
    0x72db5249caa4
    0x72db52529c6c
]: 1
@[
    (anonymous namespace)::target_leaf(unsigned long)+163
    (anonymous namespace)::target_level_three(unsigned long)+13
    (anonymous namespace)::target_level_two(unsigned long)+13
    (anonymous namespace)::target_level_one(unsigned long)+13
    (anonymous namespace)::cpu_worker(int)+57
    0x72db528ecdb4
    0x72db5249caa4
    0x72db52529c6c
]: 1
@[
    (anonymous namespace)::target_leaf(unsigned long)+176
    (anonymous namespace)::target_level_three(unsigned long)+13
    (anonymous namespace)::target_level_two(unsigned long)+13
    (anonymous namespace)::target_level_one(unsigned long)+13
    (anonymous namespace)::cpu_worker(int)+57
    0x72db528ecdb4
    0x72db5249caa4
    0x72db52529c6c
]: 1
@[
    0x72db52792482
    (anonymous namespace)::target_leaf(unsigned long)+123
    (anonymous namespace)::target_level_three(unsigned long)+13
    (anonymous namespace)::target_level_two(unsigned long)+13
    (anonymous namespace)::target_level_one(unsigned long)+13
    (anonymous namespace)::cpu_worker(int)+57
    0x72db528ecdb4
    0x72db5249caa4
    0x72db52529c6c
]: 1
@[
    clock_nanosleep+191
    nanosleep+23
    (anonymous namespace)::sleep_worker(int)+83
    0x72db528ecdb4
    0x72db5249caa4
    0x72db52529c6c
]: 1
@[
    0x72db52792c1f
    (anonymous namespace)::target_leaf(unsigned long)+154
    (anonymous namespace)::target_level_three(unsigned long)+13
    (anonymous namespace)::target_level_two(unsigned long)+13
    (anonymous namespace)::target_level_one(unsigned long)+13
    (anonymous namespace)::cpu_worker(int)+57
    0x72db528ecdb4
    0x72db5249caa4
    0x72db52529c6c
]: 1
@[
    0x72db527925af
    (anonymous namespace)::target_leaf(unsigned long)+123
    (anonymous namespace)::target_level_three(unsigned long)+13
    (anonymous namespace)::target_level_two(unsigned long)+13
    (anonymous namespace)::target_level_one(unsigned long)+13

bpftrace_stderr:
