time=2026-05-10T15:41:09.172Z level=ERROR msg="Creating Int64Counter: invalid instrument name: : is empty"
ts=2026-05-10T15:41:09.173189818Z level=info boringcrypto_enabled=false
ts=2026-05-10T15:41:09.171611555Z level=info source=/go/pkg/mod/github.com/!kim!machine!gun/automemlimit@v0.7.5/memlimit/memlimit.go:175 msg="memory is not limited, skipping" package=github.com/KimMachineGun/automemlimit/memlimit
ts=2026-05-10T15:41:09.173215816Z level=info msg="no peer discovery configured: both join and discover peers are empty" service=cluster
ts=2026-05-10T15:41:09.172050536Z level=info source=/__w/alloy/alloy/internal/runtime/internal/controller/loader.go:201 msg="starting complete graph evaluation" controller_path=/ controller_id="" trace_id=de8ae4c80f8cfceba1ce20e198ad1680
ts=2026-05-10T15:41:09.172055084Z level=info source=/__w/alloy/alloy/internal/runtime/internal/controller/loader.go:218 msg="finished node evaluation" controller_path=/ controller_id="" trace_id=de8ae4c80f8cfceba1ce20e198ad1680 node_id=otel duration=922ns
ts=2026-05-10T15:41:09.172061296Z level=info source=/__w/alloy/alloy/internal/runtime/internal/controller/loader.go:218 msg="finished node evaluation" controller_path=/ controller_id="" trace_id=de8ae4c80f8cfceba1ce20e198ad1680 node_id=livedebugging duration=4.579µs
ts=2026-05-10T15:41:09.17206357Z level=info source=/__w/alloy/alloy/internal/runtime/internal/controller/loader.go:218 msg="finished node evaluation" controller_path=/ controller_id="" trace_id=de8ae4c80f8cfceba1ce20e198ad1680 node_id=labelstore duration=1.272µs
ts=2026-05-10T15:41:09.173231766Z level=info msg="running usage stats reporter"
ts=2026-05-10T15:41:09.172211617Z level=info source=/__w/alloy/alloy/internal/runtime/internal/controller/loader.go:218 msg="finished node evaluation" controller_path=/ controller_id="" trace_id=de8ae4c80f8cfceba1ce20e198ad1680 node_id=pyroscope.write.local duration=146.915µs
ts=2026-05-10T15:41:09.173145925Z level=info source=/__w/alloy/alloy/internal/runtime/internal/controller/loader.go:218 msg="finished node evaluation" controller_path=/ controller_id="" trace_id=de8ae4c80f8cfceba1ce20e198ad1680 node_id=pyroscope.ebpf.target duration=932.014µs
ts=2026-05-10T15:41:09.173170682Z level=info source=/__w/alloy/alloy/internal/runtime/internal/controller/loader.go:218 msg="finished node evaluation" controller_path=/ controller_id="" trace_id=de8ae4c80f8cfceba1ce20e198ad1680 node_id=remotecfg duration=22.011µs
ts=2026-05-10T15:41:09.173240342Z level=info msg="applying non-TLS config to HTTP server" service=http
ts=2026-05-10T15:41:09.173175962Z level=info source=/__w/alloy/alloy/internal/runtime/internal/controller/loader.go:218 msg="finished node evaluation" controller_path=/ controller_id="" trace_id=de8ae4c80f8cfceba1ce20e198ad1680 node_id=http duration=3.948µs
ts=2026-05-10T15:41:09.173177735Z level=info source=/__w/alloy/alloy/internal/runtime/internal/controller/loader.go:218 msg="finished node evaluation" controller_path=/ controller_id="" trace_id=de8ae4c80f8cfceba1ce20e198ad1680 node_id=ui duration=751ns
ts=2026-05-10T15:41:09.173181672Z level=info source=/__w/alloy/alloy/internal/runtime/internal/controller/loader.go:218 msg="finished node evaluation" controller_path=/ controller_id="" trace_id=de8ae4c80f8cfceba1ce20e198ad1680 node_id=cluster duration=641ns
ts=2026-05-10T15:41:09.173186331Z level=info source=/__w/alloy/alloy/internal/runtime/internal/controller/loader.go:218 msg="finished node evaluation" controller_path=/ controller_id="" trace_id=de8ae4c80f8cfceba1ce20e198ad1680 node_id=tracing duration=3.006µs
ts=2026-05-10T15:41:09.173251102Z level=info source=/__w/alloy/alloy/internal/runtime/internal/controller/loader.go:218 msg="finished node evaluation" controller_path=/ controller_id="" trace_id=de8ae4c80f8cfceba1ce20e198ad1680 node_id=logging duration=63.748µs
ts=2026-05-10T15:41:09.173254168Z level=info source=/__w/alloy/alloy/internal/runtime/internal/controller/loader.go:205 msg="finished complete graph evaluation" controller_path=/ controller_id="" trace_id=de8ae4c80f8cfceba1ce20e198ad1680 duration=1.248036ms
ts=2026-05-10T15:41:09.173347102Z level=info source=/__w/alloy/alloy/internal/runtime/alloy.go:287 msg="scheduling loaded components and services" controller_id=""
ts=2026-05-10T15:41:09.173499968Z level=info msg="starting cluster node" service=cluster peers_count=0 peers="" advertise_addr=127.0.0.1:12345 minimum_cluster_size=0 minimum_size_wait_timeout=0s
time=2026-05-10T15:41:09.173Z level=INFO msg="Interpreter tracers: perl,php,python,hotspot,ruby,v8,dotnet,go"
ts=2026-05-10T15:41:09.173843109Z level=info msg="now listening for http traffic" service=http addr=127.0.0.1:12345
ts=2026-05-10T15:41:09.173903052Z level=info msg="failed to register collector with remote server" service=remotecfg id=dcd5c3ca-de1e-4eed-a833-b6ee3eeb8dcb name="" err="noop client"
ts=2026-05-10T15:41:09.17395533Z level=info msg="peers changed" service=cluster peers_count=1 min_cluster_size=0 peers=stacktrace-repro
time=2026-05-10T15:41:09.274Z level=INFO msg="Found offsets: task stack 0x20, pt_regs 0x3f58, tpbase 0x2468"
time=2026-05-10T15:41:09.536Z level=INFO msg="Supports generic eBPF map batch operations"
time=2026-05-10T15:41:09.536Z level=INFO msg="Supports generic eBPF map batch lookup-and-delete"
time=2026-05-10T15:41:09.536Z level=INFO msg="Supports LPM trie eBPF map batch operations"
time=2026-05-10T15:41:09.536Z level=INFO msg="eBPF tracer loaded"
time=2026-05-10T15:41:09.540Z level=INFO msg="Attached tracer program"
time=2026-05-10T15:41:09.540Z level=INFO msg="Attached sched monitor"
interrupt received
ts=2026-05-10T15:41:58.988945098Z level=info source=/__w/alloy/alloy/internal/runtime/internal/controller/scheduler.go:108 msg="node exited without error" controller_id="" node=otel
ts=2026-05-10T15:41:58.988996724Z level=info source=/__w/alloy/alloy/internal/runtime/internal/controller/scheduler.go:108 msg="node exited without error" controller_id="" node=labelstore
time=2026-05-10T15:41:58.989Z level=INFO msg="Stop processing ..."
ts=2026-05-10T15:41:58.989120777Z level=info source=/__w/alloy/alloy/internal/runtime/internal/controller/scheduler.go:108 msg="node exited without error" controller_id="" node=cluster
ts=2026-05-10T15:41:58.989136175Z level=info source=/__w/alloy/alloy/internal/runtime/internal/controller/scheduler.go:108 msg="node exited without error" controller_id="" node=ui
ts=2026-05-10T15:41:58.989169558Z level=info msg="http server closed" service=http addr=127.0.0.1:12345 err="http: Server closed"
ts=2026-05-10T15:41:58.989206126Z level=info msg="http server closed" service=http addr=memory err="http: Server closed"
ts=2026-05-10T15:41:58.989216476Z level=info source=/__w/alloy/alloy/internal/runtime/internal/controller/scheduler.go:108 msg="node exited without error" controller_id="" node=http
ts=2026-05-10T15:41:58.989229199Z level=info msg="failed to unregister collector with remote server" service=remotecfg id=dcd5c3ca-de1e-4eed-a833-b6ee3eeb8dcb err="noop client"
ts=2026-05-10T15:41:58.989237885Z level=info msg="failed to unregister collector during service shutdown" service=remotecfg err="noop client"
ts=2026-05-10T15:41:58.989242334Z level=info source=/__w/alloy/alloy/internal/runtime/internal/controller/scheduler.go:108 msg="node exited without error" controller_id="" node=remotecfg
ts=2026-05-10T15:41:58.989249357Z level=info source=/__w/alloy/alloy/internal/runtime/internal/controller/scheduler.go:108 msg="node exited without error" controller_id="" node=livedebugging
ts=2026-05-10T15:41:59.05376023Z level=error source=/__w/alloy/alloy/internal/runtime/internal/controller/scheduler.go:106 msg="node exited with error" controller_id="" node=pyroscope.write.local err="context canceled"
ts=2026-05-10T15:41:59.053795666Z level=info source=/__w/alloy/alloy/internal/runtime/internal/controller/scheduler.go:108 msg="node exited without error" controller_id="" node=pyroscope.ebpf.target
