Attaching 2 probes...


@[
    (anonymous namespace)::target_leaf(unsigned long)+176
    (anonymous namespace)::target_level_three(unsigned long)+13
    (anonymous namespace)::target_level_two(unsigned long)+13
    (anonymous namespace)::target_level_one(unsigned long)+13
    (anonymous namespace)::cpu_worker(int)+57
    std::thread::_State_impl<std::thread::_Invoker<std::tuple<void (*)(int), int> > >::_M_run()+17
    0x76b4cf8ecdb4
    0x76b4cf49caa4
    0x76b4cf529c6c
]: 1
@[
    (anonymous namespace)::target_leaf(unsigned long)+206
    (anonymous namespace)::target_level_three(unsigned long)+13
    (anonymous namespace)::target_level_two(unsigned long)+13
    (anonymous namespace)::target_level_one(unsigned long)+13
    (anonymous namespace)::cpu_worker(int)+57
    std::thread::_State_impl<std::thread::_Invoker<std::tuple<void (*)(int), int> > >::_M_run()+17
    0x76b4cf8ecdb4
    0x76b4cf49caa4
    0x76b4cf529c6c
]: 1
@[
    0x76b4cfbf04df
    (anonymous namespace)::target_leaf(unsigned long)+123
    (anonymous namespace)::target_level_three(unsigned long)+13
    (anonymous namespace)::target_level_two(unsigned long)+13
    (anonymous namespace)::target_level_one(unsigned long)+13
    (anonymous namespace)::cpu_worker(int)+57
    std::thread::_State_impl<std::thread::_Invoker<std::tuple<void (*)(int), int> > >::_M_run()+17
    0x76b4cf8ecdb4
    0x76b4cf49caa4
    0x76b4cf529c6c
]: 1
@[
    0x76b4cfbf053c
    (anonymous namespace)::target_leaf(unsigned long)+123
    (anonymous namespace)::target_level_three(unsigned long)+13
    (anonymous namespace)::target_level_two(unsigned long)+13
    (anonymous namespace)::target_level_one(unsigned long)+13
    (anonymous namespace)::cpu_worker(int)+57
    std::thread::_State_impl<std::thread::_Invoker<std::tuple<void (*)(int), int> > >::_M_run()+17
    0x76b4cf8ecdb4
    0x76b4cf49caa4
    0x76b4cf529c6c
]: 1
@[
    0x76b4cfbf0b0a
    (anonymous namespace)::target_leaf(unsigned long)+154
    (anonymous namespace)::target_level_three(unsigned long)+13
    (anonymous namespace)::target_level_two(unsigned long)+13
    (anonymous namespace)::target_level_one(unsigned long)+13
    (anonymous namespace)::cpu_worker(int)+57
    std::thread::_State_impl<std::thread::_Invoker<std::tuple<void (*)(int), int> > >::_M_run()+17
    0x76b4cf8ecdb4
    0x76b4cf49caa4
    0x76b4cf529c6c
]: 1
@[
    0x76b4cfbf0b7c
    (anonymous namespace)::target_leaf(unsigned long)+154
    (anonymous namespace)::target_level_three(unsigned long)+13
    (anonymous namespace)::target_level_two(unsigned long)+13
    (anonymous namespace)::target_level_one(unsigned long)+13
    (anonymous namespace)::cpu_worker(int)+57
    std::thread::_State_impl<std::thread::_Invoker<std::tuple<void (*)(int), int> > >::_M_run()+17
    0x76b4cf8ecdb4
    0x76b4cf49caa4
    0x76b4cf529c6c
]: 1
@[
    0x76b4cfbf0fd1
    (anonymous namespace)::target_leaf(unsigned long)+154
    (anonymous namespace)::target_level_three(unsigned long)+13
    (anonymous namespace)::target_level_two(unsigned long)+13
    (anonymous namespace)::target_level_one(unsigned long)+13
    (anonymous namespace)::cpu_worker(int)+57
    std::thread::_State_impl<std::thread::_Invoker<std::tuple<void (*)(int), int> > >::_M_run()+17
    0x76b4cf8ecdb4
    0x76b4cf49caa4
    0x76b4cf529c6c
]: 1
@[
    0x76b4cfbf058c
    (anonymous namespace)::target_leaf(unsigned long)+123
    (anonymous namespace)::target_level_three(unsigned long)+13
    (anonymous namespace)::target_level_two(unsigned long)+13
    (anonymous namespace)::target_level_one(unsigned long)+13
    (anonymous namespace)::cpu_worker(int)+57
    std::thread::_State_impl<std::thread::_Invoker<std::tuple<void (*)(int), int> > >::_M_run()+17
    0x76b4cf8ecdb4
    0x76b4cf49caa4
    0x76b4cf529c6c
]: 1
@[
    0x76b4cfbf0357
    (anonymous namespace)::target_leaf(unsigned long)+123
    (anonymous namespace)::target_level_three(unsigned long)+13
    (anonymous namespace)::target_level_two(unsigned long)+13
    (anonymous namespace)::target_level_one(unsigned long)+13
    (anonymous namespace)::cpu_worker(int)+57
    std::thread::_State_impl<std::thread::_Invoker<std::tuple<void (*)(int), int> > >::_M_run()+17
    0x76b4cf8ecdb4
    0x76b4cf49caa4
    0x76b4cf529c6c
]: 1
@[
    0x76b4cfbf07d7
    (anonymous namespace)::target_leaf(unsigned long)+123
    (anonymous namespace)::target_level_three(unsigned long)+13
    (anonymous namespace)::target_level_two(unsigned long)+13
    (anonymous namespace)::target_level_one(unsigned long)+13
    (anonymous namespace)::cpu_worker(int)+57
    std::thread::_State_impl<std::thread::_Invoker<std::tuple<void (*)(int), int> > >::_M_run()+17
    0x76b4cf8ecdb4
    0x76b4cf49caa4
    0x76b4cf529c6c
]: 1
@[
    0x76b4cfbf0560
    (anonymous namespace)::target_leaf(unsigned long)+123
    (anonymous namespace)::target_level_three(unsigned long)+13
    (anonymous namespace)::target_level_two(unsigned long)+13
    (anonymous namespace)::target_level_one(unsigned long)+13
    (anonymous namespace)::cpu_worker(int)+57
    std::thread::_State_impl<std::thread::_Invoker<std::tuple<void (*)(int), int> > >::_M_run()+17
    0x76b4cf8ecdb4
    0x76b4cf49caa4
    0x76b4cf529c6c
]: 1
@[
    0x76b4cfbf0b7c
    (anonymous namespace)::target_leaf(unsigned long)+154
    (anonymous namespace)::target_level_three(unsigned long)+13
    (anonymous namespace)::target_level_two(unsigned long)+13
    (anonymous namespace)::target_level_one(unsigned long)+13
    (anonymous namespace)::cpu_worker(int)+57
    std::thread::_State_impl<std::thread::_Invoker<std::tuple<void (*)(int), int> > >::_M_run()+17
    0x76b4cf8ecdb4
    0x76b4cf49caa4
    0x76b4cf529c6c
]: 1
@[
    0x76b4cfbf0c1f
    (anonymous namespace)::target_leaf(unsigned long)+154
    (anonymous namespace)::target_level_three(unsigned long)+13
    (anonymous namespace)::target_level_two(unsigned long)+13
    (anonymous namespace)::target_level_one(unsigned long)+13
    (anonymous namespace)::cpu_worker(int)+57
    std::thread::_State_impl<std::thread::_Invoker<std::tuple<void (*)(int), int> > >::_M_run()+17
    0x76b4cf8ecdb4
    0x76b4cf49caa4
    0x76b4cf529c6c
]: 1
@[
    (anonymous namespace)::target_leaf(unsigned long)+176
    (anonymous namespace)::target_level_three(unsigned long)+13
    (anonymous namespace)::target_level_two(unsigned long)+13
    (anonymous namespace)::target_level_one(unsigned long)+13
    (anonymous namespace)::cpu_worker(int)+57
    std::thread::_State_impl<std::thread::_Invoker<std::tuple<void (*)(int), int> > >::_M_run()+17
    0x76b4cf8ecdb4
    0x76b4cf49caa4
    0x76b4cf529c6c
]: 1
@[
    0x76b4cfbf07e0
    (anonymous namespace)::target_leaf(unsigned long)+123
    (anonymous namespace)::target_level_three(unsigned long)+13
    (anonymous namespace)::target_level_two(unsigned long)+13
    (anonymous namespace)::target_level_one(unsigned long)+13
    (anonymous namespace)::cpu_worker(int)+57
    std::thread::_State_impl<std::thread::_Invoker<std::tuple<void (*)(int), int> > >::_M_run()+17
    0x76b4cf8ecdb4
    0x76b4cf49caa4
    0x76b4cf529c6c
]: 1
@[
    0x76b4cfbf05af
    (anonymous namespace)::target_leaf(unsigned long)+123
    (anonymous namespace)::target_level_three(unsigned long)+13
    (anonymous namespace)::target_level_two(unsigned long)+13
    (anonymous namespace)::target_level_one(unsigned long)+13
    (anonymous namespace)::cpu_worker(int)+57
    std::thread::_State_impl<std::thread::_Invoker<std::tuple<void (*)(int), int> > >::_M_run()+17
    0x76b4cf8ecdb4
    0x76b4cf49caa4
    0x76b4cf529c6c
]: 1
@[
    0x76b4cfbf0cb9
    (anonymous namespace)::target_leaf(unsigned long)+154
    (anonymous namespace)::target_level_three(unsigned long)+13
    (anonymous namespace)::target_level_two(unsigned long)+13
    (anonymous namespace)::target_level_one(unsigned long)+13
    (anonymous namespace)::cpu_worker(int)+57
    std::thread::_State_impl<std::thread::_Invoker<std::tuple<void (*)(int), int> > >::_M_run()+17
    0x76b4cf8ecdb4
    0x76b4cf49caa4
    0x76b4cf529c6c
]: 1
@[
    0x76b4cfbf050b
    (anonymous namespace)::target_leaf(unsigned long)+123
    (anonymous namespace)::target_level_three(unsigned long)+13
    (anonymous namespace)::target_level_two(unsigned long)+13
    (anonymous namespace)::target_level_one(unsigned long)+13
    (anonymous namespace)::cpu_worker(int)+57
    std::thread::_State_impl<std::thread::_Invoker<std::tuple<void (*)(int), int> > >::_M_run()+17
    0x76b4cf8ecdb4
    0x76b4cf49caa4
    0x76b4cf529c6c
]: 1
@[
    0x76b4cfbf050b
    (anonymous namespace)::target_leaf(unsigned long)+123
    (anonymous namespace)::target_level_three(unsigned long)+13
    (anonymous namespace)::target_level_two(unsigned long)+13
    (anonymous namespace)::target_level_one(unsigned long)+13
    (anonymous namespace)::cpu_worker(int)+57
    std::thread::_State_impl<std::thread::_Invoker<std::tuple<void (*)(int), int> > >::_M_run()+17
    0x76b4cf8ecdb4
    0x76b4cf49caa4
    0x76b4cf529c6c
]: 1
@[
    0x76b4cfbf0c79
    (anonymous namespace)::target_leaf(unsigned long)+154
    (anonymous namespace)::target_level_three(unsigned long)+13
    (anonymous namespace)::target_level_two(unsigned long)+13
    (anonymous namespace)::target_level_one(unsigned long)+13
    (anonymous namespace)::cpu_worker(int)+57
    std::thread::_State_impl<std::thread::_Invoker<std::tuple<void (*)(int), int> > >::_M_run()+17
    0x76b4cf8ecdb4
    0x76b4cf49caa4
    0x76b4cf529c6c
]: 1
@[
    0x76b4cfbf0590
    (anonymous namespace)::target_leaf(unsigned long)+123
    (anonymous namespace)::target_level_three(unsigned long)+13
    (anonymous namespace)::target_level_two(unsigned long)+13
    (anonymous namespace)::target_level_one(unsigned long)+13
    (anonymous namespace)::cpu_worker(int)+57
    std::thread::_State_impl<std::thread::_Invoker<std::tuple<void (*)(int), int> > >::_M_run()+17
    0x76b4cf8ecdb4
    0x76b4cf49caa4
    0x76b4cf529c6c
]: 1
@[
    0x76b4cfbf02dd
    (anonymous namespace)::target_leaf(unsigned long)+123
    (anonymous namespace)::target_level_three(unsigned long)+13
    (anonymous namespace)::target_level_two(unsigned long)+13
    (anonymous namespace)::target_level_one(unsigned long)+13
    (anonymous namespace)::cpu_worker(int)+57
    std::thread::_State_impl<std::thread::_Invoker<std::tuple<void (*)(int), int> > >::_M_run()+17
    0x76b4cf8ecdb4
    0x76b4cf49caa4
    0x76b4cf529c6c
]: 1
@[
    (anonymous namespace)::target_leaf(unsigned long)+113
    (anonymous namespace)::target_level_three(unsigned long)+13
    (anonymous namespace)::target_level_two(unsigned long)+13
    (anonymous namespace)::target_level_one(unsigned long)+13
    (anonymous namespace)::cpu_worker(int)+57
    std::thread::_State_impl<std::thread::_Invoker<std::tuple<void (*)(int), int> > >::_M_run()+17
    0x76b4cf8ecdb4
    0x76b4cf49caa4
    0x76b4cf529c6c
]: 1
@[
    0x76b4cfbf0c68
    (anonymous namespace)::target_leaf(unsigned long)+154
    (anonymous namespace)::target_level_three(unsigned long)+13
    (anonymous namespace)::target_level_two(unsigned long)+13
    (anonymous namespace)::target_level_one(unsigned long)+13
    (anonymous namespace)::cpu_worker(int)+57
    std::thread::_State_impl<std::thread::_Invoker<std::tuple<void (*)(int), int> > >::_M_run()+17
    0x76b4cf8ecdb4
    0x76b4cf49caa4
    0x76b4cf529c6c
]: 1
@[
    0x76b4cfbf0c8f
    (anonymous namespace)::target_leaf(unsigned long)+154
    (anonymous namespace)::target_level_three(unsigned long)+13
    (anonymous namespace)::target_level_two(unsigned long)+13
    (anonymous namespace)::target_level_one(unsigned long)+13
    (anonymous namespace)::cpu_worker(int)+57
    std::thread::_State_impl<std::thread::_Invoker<std::tuple<void (*)(int), int> > >::_M_run()+17
    0x76b4cf8ecdb4
    0x76b4cf49caa4
    0x76b4cf529c6c
]: 1
@[
    0x76b4cfbf0954
    (anonymous namespace)::target_leaf(unsigned long)+123
    (anonymous namespace)::target_level_three(unsigned long)+13
    (anonymous namespace)::target_level_two(unsigned long)+13
    (anonymous namespace)::target_level_one(unsigned long)+13
    (anonymous namespace)::cpu_worker(int)+57
    std::thread::_State_impl<std::thread::_Invoker<std::tuple<void (*)(int), int> > >::_M_run()+17
    0x76b4cf8ecdb4
    0x76b4cf49caa4
    0x76b4cf529c6c
]: 1
@[
    0x76b4cfbf0807
    (anonymous namespace)::target_leaf(unsigned long)+123
    (anonymous namespace)::target_level_three(unsigned long)+13
    (anonymous namespace)::target_level_two(unsigned long)+13
    (anonymous namespace)::target_level_one(unsigned long)+13
    (anonymous namespace)::cpu_worker(int)+57
    std::thread::_State_impl<std::thread::_Invoker<std::tuple<void (*)(int), int> > >::_M_run()+17
    0x76b4cf8ecdb4
    0x76b4cf49caa4
    0x76b4cf529c6c
]: 1
@[
    0x76b4cfbf04df
    (anonymous namespace)::target_leaf(unsigned long)+123
    (anonymous namespace)::target_level_three(unsigned long)+13
    (anonymous namespace)::target_level_two(unsigned long)+13
    (anonymous namespace)::target_level_one(unsigned long)+13
    (anonymous namespace)::cpu_worker(int)+57
    std::thread::_State_impl<std::thread::_Invoker<std::tuple<void (*)(int), int> > >::_M_run()+17
    0x76b4cf8ecdb4
    0x76b4cf49caa4
    0x76b4cf529c6c
]: 1
@[
    0x76b4cfbf04b6
    (anonymous namespace)::target_leaf(unsigned long)+123
    (anonymous namespace)::target_level_three(unsigned long)+13
    (anonymous namespace)::target_level_two(unsigned long)+13
    (anonymous namespace)::target_level_one(unsigned long)+13
    (anonymous namespace)::cpu_worker(int)+57
    std::thread::_State_impl<std::thread::_Invoker<std::tuple<void (*)(int), int> > >::_M_run()+17
    0x76b4cf8ecdb4
    0x76b4cf49caa4
    0x76b4cf529c6c
]: 1
@[
    0x76b4cfbf053c
    (anonymous namespace)::target_leaf(unsigned long)+123
    (anonymous namespace)::target_level_three(unsigned long)+13
    (anonymous namespace)::target_level_two(unsigned long)+13
    (anonymous namespace)::target_level_one(unsigned long)+13
    (anonymous namespace)::cpu_worker(int)+57
    std::thread::_State_impl<std::thread::_Invoker<std::tuple<void (*)(int), int> > >::_M_run()+17
    0x76b4cf8ecdb4
    0x76b4cf49caa4
    0x76b4cf529c6c
]: 1
@[
    0x76b4cfbf0996
    (anonymous namespace)::target_leaf(unsigned long)+123
    (anonymous namespace)::target_level_three(unsigned long)+13
    (anonymous namespace)::target_level_two(unsigned long)+13
    (anonymous namespace)::target_level_one(unsigned long)+13
    (anonymous namespace)::cpu_worker(int)+57
    std::thread::_State_impl<std::thread::_Invoker<std::tuple<void (*)(int), int> > >::_M_run()+17
    0x76b4cf8ecdb4
    0x76b4cf49caa4
    0x76b4cf529c6c
]: 1
@[
    0x76b4cfbf0c1f
    (anonymous namespace)::target_leaf(unsigned long)+154
    (anonymous namespace)::target_level_three(unsigned long)+13
    (anonymous namespace)::target_level_two(unsigned long)+13
    (anonymous namespace)::target_level_one(unsigned long)+13
    (anonymous namespace)::cpu_worker(int)+57
    std::thread::_State_impl<std::thread::_Invoker<std::tuple<void (*)(int), int> > >::_M_run()+17
    0x76b4cf8ecdb4
    0x76b4cf49caa4
    0x76b4cf529c6c
]: 1
@[
    0x76b4cfbf02d8
    (anonymous namespace)::target_leaf(unsigned long)+123
    (anonymous namespace)::target_level_three(unsigned long)+13
    (anonymous namespace)::target_level_two(unsigned long)+13
    (anonymous namespace)::target_level_one(unsigned long)+13
    (anonymous namespace)::cpu_worker(int)+57
    std::thread::_State_impl<std::thread::_Invoker<std::tuple<void (*)(int), int> > >::_M_run()+17
    0x76b4cf8ecdb4
    0x76b4cf49caa4
    0x76b4cf529c6c
]: 1
@[
    0x76b4cfbf0560
    (anonymous namespace)::target_leaf(unsigned long)+123
    (anonymous namespace)::target_level_three(unsigned long)+13
    (anonymous namespace)::target_level_two(unsigned long)+13
    (anonymous namespace)::target_level_one(unsigned long)+13
    (anonymous namespace)::cpu_worker(int)+57
    std::thread::_State_impl<std::thread::_Invoker<std::tuple<void (*)(int), int> > >::_M_run()+17
    0x76b4cf8ecdb4
    0x76b4cf49caa4
    0x76b4cf529c6c
]: 1
@[
    0x76b4cfbf0c0c
    (anonymous namespace)::target_leaf(unsigned long)+154
    (anonymous namespace)::target_level_three(unsigned long)+13
    (anonymous namespace)::target_level_two(unsigned long)+13
    (anonymous namespace)::target_level_one(unsigned long)+13
    (anonymous namespace)::cpu_worker(int)+57
    std::thread::_State_impl<std::thread::_Invoker<std::tuple<void (*)(int), int> > >::_M_run()+17
    0x76b4cf8ecdb4
    0x76b4cf49caa4
    0x76b4cf529c6c
]: 1
@[
    0x76b4cfbf0d30
    (anonymous namespace)::target_leaf(unsigned long)+154
    (anonymous namespace)::target_level_three(unsigned long)+13
    (anonymous namespace)::target_level_two(unsigned long)+13
    (anonymous namespace)::target_level_one(unsigned long)+13
    (anonymous namespace)::cpu_worker(int)+57
    std::thread::_State_impl<std::thread::_Invoker<std::tuple<void (*)(int), int> > >::_M_run()+17
    0x76b4cf8ecdb4
    0x76b4cf49caa4
    0x76b4cf529c6c
]: 2
@[
    0x76b4cfbf0d09
    (anonymous namespace)::target_leaf(unsigned long)+154
    (anonymous namespace)::target_level_three(unsigned long)+13
    (anonymous namespace)::target_level_two(unsigned long)+13
    (anonymous namespace)::target_level_one(unsigned long)+13
    (anonymous namespace)::cpu_worker(int)+57
    std::thread::_State_impl<std::thread::_Invoker<std::tuple<void (*)(int), int> > >::_M_run()+17
    0x76b4cf8ecdb4
    0x76b4cf49caa4
    0x76b4cf529c6c
]: 2
@[
    0x76b4cfbf0ae6
    (anonymous namespace)::target_leaf(unsigned long)+154
    (anonymous namespace)::target_level_three(unsigned long)+13
    (anonymous namespace)::target_level_two(unsigned long)+13
    (anonymous namespace)::target_level_one(unsigned long)+13
    (anonymous namespace)::cpu_worker(int)+57
    std::thread::_State_impl<std::thread::_Invoker<std::tuple<void (*)(int), int> > >::_M_run()+17
    0x76b4cf8ecdb4
    0x76b4cf49caa4
    0x76b4cf529c6c
]: 2
@[
    (anonymous namespace)::target_leaf(unsigned long)+206
    (anonymous namespace)::target_level_three(unsigned long)+13
    (anonymous namespace)::target_level_two(unsigned long)+13
    (anonymous namespace)::target_level_one(unsigned long)+13
    (anonymous namespace)::cpu_worker(int)+57
    std::thread::_State_impl<std::thread::_Invoker<std::tuple<void (*)(int), int> > >::_M_run()+17
    0x76b4cf8ecdb4
    0x76b4cf49caa4
    0x76b4cf529c6c
]: 2
@[
    0x76b4cfbf05ca
    (anonymous namespace)::target_leaf(unsigned long)+123
    (anonymous namespace)::target_level_three(unsigned long)+13
    (anonymous namespace)::target_level_two(unsigned long)+13
    (anonymous namespace)::target_level_one(unsigned long)+13
    (anonymous namespace)::cpu_worker(int)+57
    std::thread::_State_impl<std::thread::_Invoker<std::tuple<void (*)(int), int> > >::_M_run()+17
    0x76b4cf8ecdb4
    0x76b4cf49caa4
    0x76b4cf529c6c
]: 2
@[
    0x76b4cfbf0357
    (anonymous namespace)::target_leaf(unsigned long)+123
    (anonymous namespace)::target_level_three(unsigned long)+13
    (anonymous namespace)::target_level_two(unsigned long)+13
    (anonymous namespace)::target_level_one(unsigned long)+13
    (anonymous namespace)::cpu_worker(int)+57
    std::thread::_State_impl<std::thread::_Invoker<std::tuple<void (*)(int), int> > >::_M_run()+17
    0x76b4cf8ecdb4
    0x76b4cf49caa4
    0x76b4cf529c6c
]: 2
@[
    (anonymous namespace)::target_leaf(unsigned long)+96
    (anonymous namespace)::target_level_three(unsigned long)+13
    (anonymous namespace)::target_level_two(unsigned long)+13
    (anonymous namespace)::target_level_one(unsigned long)+13
    (anonymous namespace)::cpu_worker(int)+57
    std::thread::_State_impl<std::thread::_Invoker<std::tuple<void (*)(int), int> > >::_M_run()+17
    0x76b4cf8ecdb4
    0x76b4cf49caa4
    0x76b4cf529c6c
]: 2
@[
    0x76b4cfbf0c8f
    (anonymous namespace)::target_leaf(unsigned long)+154
    (anonymous namespace)::target_level_three(unsigned long)+13
    (anonymous namespace)::target_level_two(unsigned long)+13
    (anonymous namespace)::target_level_one(unsigned long)+13
    (anonymous namespace)::cpu_worker(int)+57
    std::thread::_State_impl<std::thread::_Invoker<std::tuple<void (*)(int), int> > >::_M_run()+17
    0x76b4cf8ecdb4
    0x76b4cf49caa4
    0x76b4cf529c6c
]: 2
@[
    0x76b4cfbf0482
    (anonymous namespace)::target_leaf(unsigned long)+123
    (anonymous namespace)::target_level_three(unsigned long)+13
    (anonymous namespace)::target_level_two(unsigned long)+13
    (anonymous namespace)::target_level_one(unsigned long)+13
    (anonymous namespace)::cpu_worker(int)+57
    std::thread::_State_impl<std::thread::_Invoker<std::tuple<void (*)(int), int> > >::_M_run()+17
    0x76b4cf8ecdb4
    0x76b4cf49caa4
    0x76b4cf529c6c
]: 2
@[
    (anonymous namespace)::target_leaf(unsigned long)+113
    (anonymous namespace)::target_level_three(unsigned long)+13
    (anonymous namespace)::target_level_two(unsigned long)+13
    (anonymous namespace)::target_level_one(unsigned long)+13
    (anonymous namespace)::cpu_worker(int)+57
    std::thread::_State_impl<std::thread::_Invoker<std::tuple<void (*)(int), int> > >::_M_run()+17
    0x76b4cf8ecdb4
    0x76b4cf49caa4
    0x76b4cf529c6c
]: 2
@[
    0x76b4cfbf04f3
    (anonymous namespace)::target_leaf(unsigned long)+123
    (anonymous namespace)::target_level_three(unsigned long)+13
    (anonymous namespace)::target_level_two(unsigned long)+13
    (anonymous namespace)::target_level_one(unsigned long)+13
    (anonymous namespace)::cpu_worker(int)+57
    std::thread::_State_impl<std::thread::_Invoker<std::tuple<void (*)(int), int> > >::_M_run()+17
    0x76b4cf8ecdb4
    0x76b4cf49caa4
    0x76b4cf529c6c
]: 2
@[
    0x76b4cfbf0cc6
    (anonymous namespace)::target_leaf(unsigned long)+154
    (anonymous namespace)::target_level_three(unsigned long)+13
    (anonymous namespace)::target_level_two(unsigned long)+13
    (anonymous namespace)::target_level_one(unsigned long)+13
    (anonymous namespace)::cpu_worker(int)+57
    std::thread::_State_impl<std::thread::_Invoker<std::tuple<void (*)(int), int> > >::_M_run()+17
    0x76b4cf8ecdb4
    0x76b4cf49caa4
    0x76b4cf529c6c
]: 2
@[
    0x76b4cfbf0c24
    (anonymous namespace)::target_level_three(unsigned long)+13
    (anonymous namespace)::target_level_two(unsigned long)+13
    (anonymous namespace)::target_level_one(unsigned long)+13
    (anonymous namespace)::cpu_worker(int)+57
    std::thread::_State_impl<std::thread::_Invoker<std::tuple<void (*)(int), int> > >::_M_run()+17
    0x76b4cf8ecdb4
    0x76b4cf49caa4
    0x76b4cf529c6c
]: 2
@[
    0x76b4cfbf0c43
    (anonymous namespace)::target_leaf(unsigned long)+154
    (anonymous namespace)::target_level_three(unsigned long)+13
    (anonymous namespace)::target_level_two(unsigned long)+13
    (anonymous namespace)::target_level_one(unsigned long)+13
    (anonymous namespace)::cpu_worker(int)+57
    std::thread::_State_impl<std::thread::_Invoker<std::tuple<void (*)(int), int> > >::_M_run()+17
    0x76b4cf8ecdb4
    0x76b4cf49caa4
    0x76b4cf529c6c
]: 2
@[
    0x76b4cfbf02d0
    (anonymous namespace)::target_level_three(unsigned long)+13
    (anonymous namespace)::target_level_two(unsigned long)+13
    (anonymous namespace)::target_level_one(unsigned long)+13
    (anonymous namespace)::cpu_worker(int)+57
    std::thread::_State_impl<std::thread::_Invoker<std::tuple<void (*)(int), int> > >::_M_run()+17
    0x76b4cf8ecdb4
    0x76b4cf49caa4
    0x76b4cf529c6c
]: 3
@[
    (anonymous namespace)::target_leaf(unsigned long)+154
    (anonymous namespace)::target_level_three(unsigned long)+13
    (anonymous namespace)::target_level_two(unsigned long)+13
    (anonymous namespace)::target_level_one(unsigned long)+13
    (anonymous namespace)::cpu_worker(int)+57
    std::thread::_State_impl<std::thread::_Invoker<std::tuple<void (*)(int), int> > >::_M_run()+17
    0x76b4cf8ecdb4
    0x76b4cf49caa4
    0x76b4cf529c6c
]: 3
@[
    0x76b4cfbf0d09
    (anonymous namespace)::target_leaf(unsigned long)+154
    (anonymous namespace)::target_level_three(unsigned long)+13
    (anonymous namespace)::target_level_two(unsigned long)+13
    (anonymous namespace)::target_level_one(unsigned long)+13
    (anonymous namespace)::cpu_worker(int)+57
    std::thread::_State_impl<std::thread::_Invoker<std::tuple<void (*)(int), int> > >::_M_run()+17
    0x76b4cf8ecdb4
    0x76b4cf49caa4
    0x76b4cf529c6c
]: 3
@[
    0x76b4cfbf0c43
    (anonymous namespace)::target_leaf(unsigned long)+154
    (anonymous namespace)::target_level_three(unsigned long)+13
    (anonymous namespace)::target_level_two(unsigned long)+13
    (anonymous namespace)::target_level_one(unsigned long)+13
    (anonymous namespace)::cpu_worker(int)+57
    std::thread::_State_impl<std::thread::_Invoker<std::tuple<void (*)(int), int> > >::_M_run()+17
    0x76b4cf8ecdb4
    0x76b4cf49caa4
    0x76b4cf529c6c
]: 3
@[
    0x76b4cfbf0b2b
    (anonymous namespace)::target_leaf(unsigned long)+154
    (anonymous namespace)::target_level_three(unsigned long)+13
    (anonymous namespace)::target_level_two(unsigned long)+13
    (anonymous namespace)::target_level_one(unsigned long)+13
    (anonymous namespace)::cpu_worker(int)+57
    std::thread::_State_impl<std::thread::_Invoker<std::tuple<void (*)(int), int> > >::_M_run()+17
    0x76b4cf8ecdb4
    0x76b4cf49caa4
    0x76b4cf529c6c
]: 3
@[
    (anonymous namespace)::target_leaf(unsigned long)+96
    (anonymous namespace)::target_level_three(unsigned long)+13
    (anonymous namespace)::target_level_two(unsigned long)+13
    (anonymous namespace)::target_level_one(unsigned long)+13
    (anonymous namespace)::cpu_worker(int)+57
    std::thread::_State_impl<std::thread::_Invoker<std::tuple<void (*)(int), int> > >::_M_run()+17
    0x76b4cf8ecdb4
    0x76b4cf49caa4
    0x76b4cf529c6c
]: 3
@[
    0x76b4cfbf0ae6
    (anonymous namespace)::target_leaf(unsigned long)+154
    (anonymous namespace)::target_level_three(unsigned long)+13
    (anonymous namespace)::target_level_two(unsigned long)+13
    (anonymous namespace)::target_level_one(unsigned long)+13
    (anonymous namespace)::cpu_worker(int)+57
    std::thread::_State_impl<std::thread::_Invoker<std::tuple<void (*)(int), int> > >::_M_run()+17
    0x76b4cf8ecdb4
    0x76b4cf49caa4
    0x76b4cf529c6c
]: 3
@[
    0x76b4cfbf0b0a
    (anonymous namespace)::target_leaf(unsigned long)+154
    (anonymous namespace)::target_level_three(unsigned long)+13
    (anonymous namespace)::target_level_two(unsigned long)+13
    (anonymous namespace)::target_level_one(unsigned long)+13
    (anonymous namespace)::cpu_worker(int)+57
    std::thread::_State_impl<std::thread::_Invoker<std::tuple<void (*)(int), int> > >::_M_run()+17
    0x76b4cf8ecdb4
    0x76b4cf49caa4
    0x76b4cf529c6c
]: 3
@[
    0x5605c01f94e4
    (anonymous namespace)::target_level_three(unsigned long)+13
    (anonymous namespace)::target_level_two(unsigned long)+13
    (anonymous namespace)::target_level_one(unsigned long)+13
    (anonymous namespace)::cpu_worker(int)+57
    std::thread::_State_impl<std::thread::_Invoker<std::tuple<void (*)(int), int> > >::_M_run()+17
    0x76b4cf8ecdb4
    0x76b4cf49caa4
    0x76b4cf529c6c
]: 3
@[
    0x76b4cfbf0590
    (anonymous namespace)::target_leaf(unsigned long)+123
    (anonymous namespace)::target_level_three(unsigned long)+13
    (anonymous namespace)::target_level_two(unsigned long)+13
    (anonymous namespace)::target_level_one(unsigned long)+13
    (anonymous namespace)::cpu_worker(int)+57
    std::thread::_State_impl<std::thread::_Invoker<std::tuple<void (*)(int), int> > >::_M_run()+17
    0x76b4cf8ecdb4
    0x76b4cf49caa4
    0x76b4cf529c6c
]: 3
@[
    (anonymous namespace)::target_leaf(unsigned long)+186
    (anonymous namespace)::target_level_three(unsigned long)+13
    (anonymous namespace)::target_level_two(unsigned long)+13
    (anonymous namespace)::target_level_one(unsigned long)+13
    (anonymous namespace)::cpu_worker(int)+57
    std::thread::_State_impl<std::thread::_Invoker<std::tuple<void (*)(int), int> > >::_M_run()+17
    0x76b4cf8ecdb4
    0x76b4cf49caa4
    0x76b4cf529c6c
]: 3
@[
    0x76b4cfbf0c57
    (anonymous namespace)::target_leaf(unsigned long)+154
    (anonymous namespace)::target_level_three(unsigned long)+13
    (anonymous namespace)::target_level_two(unsigned long)+13
    (anonymous namespace)::target_level_one(unsigned long)+13
    (anonymous namespace)::cpu_worker(int)+57
    std::thread::_State_impl<std::thread::_Invoker<std::tuple<void (*)(int), int> > >::_M_run()+17
    0x76b4cf8ecdb4
    0x76b4cf49caa4
    0x76b4cf529c6c
]: 3
@[
    0x76b4cfbf0af6
    (anonymous namespace)::target_leaf(unsigned long)+154
    (anonymous namespace)::target_level_three(unsigned long)+13
    (anonymous namespace)::target_level_two(unsigned long)+13
    (anonymous namespace)::target_level_one(unsigned long)+13
    (anonymous namespace)::cpu_worker(int)+57
    std::thread::_State_impl<std::thread::_Invoker<std::tuple<void (*)(int), int> > >::_M_run()+17
    0x76b4cf8ecdb4
    0x76b4cf49caa4
    0x76b4cf529c6c
]: 3
@[
    0x76b4cfbf0cd6
    (anonymous namespace)::target_leaf(unsigned long)+154
    (anonymous namespace)::target_level_three(unsigned long)+13
    (anonymous namespace)::target_level_two(unsigned long)+13
    (anonymous namespace)::target_level_one(unsigned long)+13
    (anonymous namespace)::cpu_worker(int)+57
    std::thread::_State_impl<std::thread::_Invoker<std::tuple<void (*)(int), int> > >::_M_run()+17
    0x76b4cf8ecdb4
    0x76b4cf49caa4
    0x76b4cf529c6c
]: 3
@[
    0x76b4cfbf0cd6
    (anonymous namespace)::target_leaf(unsigned long)+154
    (anonymous namespace)::target_level_three(unsigned long)+13
    (anonymous namespace)::target_level_two(unsigned long)+13
    (anonymous namespace)::target_level_one(unsigned long)+13
    (anonymous namespace)::cpu_worker(int)+57
    std::thread::_State_impl<std::thread::_Invoker<std::tuple<void (*)(int), int> > >::_M_run()+17
    0x76b4cf8ecdb4
    0x76b4cf49caa4
    0x76b4cf529c6c
]: 3
@[
    0x76b4cfbf0cc6
    (anonymous namespace)::target_leaf(unsigned long)+154
    (anonymous namespace)::target_level_three(unsigned long)+13
    (anonymous namespace)::target_level_two(unsigned long)+13
    (anonymous namespace)::target_level_one(unsigned long)+13
    (anonymous namespace)::cpu_worker(int)+57
    std::thread::_State_impl<std::thread::_Invoker<std::tuple<void (*)(int), int> > >::_M_run()+17
    0x76b4cf8ecdb4
    0x76b4cf49caa4
    0x76b4cf529c6c
]: 3
@[
    0x76b4cfbf0d1b
    (anonymous namespace)::target_leaf(unsigned long)+154
    (anonymous namespace)::target_level_three(unsigned long)+13
    (anonymous namespace)::target_level_two(unsigned long)+13
    (anonymous namespace)::target_level_one(unsigned long)+13
    (anonymous namespace)::cpu_worker(int)+57
    std::thread::_State_impl<std::thread::_Invoker<std::tuple<void (*)(int), int> > >::_M_run()+17
    0x76b4cf8ecdb4
    0x76b4cf49caa4
    0x76b4cf529c6c
]: 4
@[
    0x76b4cfbf0c57
    (anonymous namespace)::target_leaf(unsigned long)+154
    (anonymous namespace)::target_level_three(unsigned long)+13
    (anonymous namespace)::target_level_two(unsigned long)+13
    (anonymous namespace)::target_level_one(unsigned long)+13
    (anonymous namespace)::cpu_worker(int)+57
    std::thread::_State_impl<std::thread::_Invoker<std::tuple<void (*)(int), int> > >::_M_run()+17
    0x76b4cf8ecdb4
    0x76b4cf49caa4
    0x76b4cf529c6c
]: 4
@[
    0x76b4cfbf0b2b
    (anonymous namespace)::target_leaf(unsigned long)+154
    (anonymous namespace)::target_level_three(unsigned long)+13
    (anonymous namespace)::target_level_two(unsigned long)+13
    (anonymous namespace)::target_level_one(unsigned long)+13
    (anonymous namespace)::cpu_worker(int)+57
    std::thread::_State_impl<std::thread::_Invoker<std::tuple<void (*)(int), int> > >::_M_run()+17
    0x76b4cf8ecdb4
    0x76b4cf49caa4
    0x76b4cf529c6c
]: 4
@[
    0x76b4cfbf051b
    (anonymous namespace)::target_leaf(unsigned long)+123
    (anonymous namespace)::target_level_three(unsigned long)+13
    (anonymous namespace)::target_level_two(unsigned long)+13
    (anonymous namespace)::target_level_one(unsigned long)+13
    (anonymous namespace)::cpu_worker(int)+57
    std::thread::_State_impl<std::thread::_Invoker<std::tuple<void (*)(int), int> > >::_M_run()+17
    0x76b4cf8ecdb4
    0x76b4cf49caa4
    0x76b4cf529c6c
]: 4
@[
    0x76b4cfbf05db
    (anonymous namespace)::target_leaf(unsigned long)+123
    (anonymous namespace)::target_level_three(unsigned long)+13
    (anonymous namespace)::target_level_two(unsigned long)+13
    (anonymous namespace)::target_level_one(unsigned long)+13
    (anonymous namespace)::cpu_worker(int)+57
    std::thread::_State_impl<std::thread::_Invoker<std::tuple<void (*)(int), int> > >::_M_run()+17
    0x76b4cf8ecdb4
    0x76b4cf49caa4
    0x76b4cf529c6c
]: 4
@[
    0x76b4cfbf04f3
    (anonymous namespace)::target_leaf(unsigned long)+123
    (anonymous namespace)::target_level_three(unsigned long)+13
    (anonymous namespace)::target_level_two(unsigned long)+13
    (anonymous namespace)::target_level_one(unsigned long)+13
    (anonymous namespace)::cpu_worker(int)+57
    std::thread::_State_impl<std::thread::_Invoker<std::tuple<void (*)(int), int> > >::_M_run()+17
    0x76b4cf8ecdb4
    0x76b4cf49caa4
    0x76b4cf529c6c
]: 4
@[
    (anonymous namespace)::target_leaf(unsigned long)+154
    (anonymous namespace)::target_level_three(unsigned long)+13
    (anonymous namespace)::target_level_two(unsigned long)+13
    (anonymous namespace)::target_level_one(unsigned long)+13
    (anonymous namespace)::cpu_worker(int)+57
    std::thread::_State_impl<std::thread::_Invoker<std::tuple<void (*)(int), int> > >::_M_run()+17
    0x76b4cf8ecdb4
    0x76b4cf49caa4
    0x76b4cf529c6c
]: 4
@[
    (anonymous namespace)::target_leaf(unsigned long)+186
    (anonymous namespace)::target_level_three(unsigned long)+13
    (anonymous namespace)::target_level_two(unsigned long)+13
    (anonymous namespace)::target_level_one(unsigned long)+13
    (anonymous namespace)::cpu_worker(int)+57
    std::thread::_State_impl<std::thread::_Invoker<std::tuple<void (*)(int), int> > >::_M_run()+17
    0x76b4cf8ecdb4
    0x76b4cf49caa4
    0x76b4cf529c6c
]: 4
@[
    0x76b4cfbf02f6
    (anonymous namespace)::target_leaf(unsigned long)+123
    (anonymous namespace)::target_level_three(unsigned long)+13
    (anonymous namespace)::target_level_two(unsigned long)+13
    (anonymous namespace)::target_level_one(unsigned long)+13
    (anonymous namespace)::cpu_worker(int)+57
    std::thread::_State_impl<std::thread::_Invoker<std::tuple<void (*)(int), int> > >::_M_run()+17
    0x76b4cf8ecdb4
    0x76b4cf49caa4
    0x76b4cf529c6c
]: 4
@[
    0x76b4cfbf0572
    (anonymous namespace)::target_leaf(unsigned long)+123
    (anonymous namespace)::target_level_three(unsigned long)+13
    (anonymous namespace)::target_level_two(unsigned long)+13
    (anonymous namespace)::target_level_one(unsigned long)+13
    (anonymous namespace)::cpu_worker(int)+57
    std::thread::_State_impl<std::thread::_Invoker<std::tuple<void (*)(int), int> > >::_M_run()+17
    0x76b4cf8ecdb4
    0x76b4cf49caa4
    0x76b4cf529c6c
]: 4
@[
    0x76b4cfbf051b
    (anonymous namespace)::target_leaf(unsigned long)+123
    (anonymous namespace)::target_level_three(unsigned long)+13
    (anonymous namespace)::target_level_two(unsigned long)+13
    (anonymous namespace)::target_level_one(unsigned long)+13
    (anonymous namespace)::cpu_worker(int)+57
    std::thread::_State_impl<std::thread::_Invoker<std::tuple<void (*)(int), int> > >::_M_run()+17
    0x76b4cf8ecdb4
    0x76b4cf49caa4
    0x76b4cf529c6c
]: 5
@[
    0x76b4cfbf0572
    (anonymous namespace)::target_leaf(unsigned long)+123
    (anonymous namespace)::target_level_three(unsigned long)+13
    (anonymous namespace)::target_level_two(unsigned long)+13
    (anonymous namespace)::target_level_one(unsigned long)+13
    (anonymous namespace)::cpu_worker(int)+57
    std::thread::_State_impl<std::thread::_Invoker<std::tuple<void (*)(int), int> > >::_M_run()+17
    0x76b4cf8ecdb4
    0x76b4cf49caa4
    0x76b4cf529c6c
]: 5
@[
    0x76b4cfbf04cc
    (anonymous namespace)::target_leaf(unsigned long)+123
    (anonymous namespace)::target_level_three(unsigned long)+13
    (anonymous namespace)::target_level_two(unsigned long)+13
    (anonymous namespace)::target_level_one(unsigned long)+13
    (anonymous namespace)::cpu_worker(int)+57
    std::thread::_State_impl<std::thread::_Invoker<std::tuple<void (*)(int), int> > >::_M_run()+17
    0x76b4cf8ecdb4
    0x76b4cf49caa4
    0x76b4cf529c6c
]: 5
@[
    0x5605c01f94e4
    (anonymous namespace)::target_level_three(unsigned long)+13
    (anonymous namespace)::target_level_two(unsigned long)+13
    (anonymous namespace)::target_level_one(unsigned long)+13
    (anonymous namespace)::cpu_worker(int)+57
    std::thread::_State_impl<std::thread::_Invoker<std::tuple<void (*)(int), int> > >::_M_run()+17
    0x76b4cf8ecdb4
    0x76b4cf49caa4
    0x76b4cf529c6c
]: 5
@[
    0x76b4cfbf0cea
    (anonymous namespace)::target_leaf(unsigned long)+154
    (anonymous namespace)::target_level_three(unsigned long)+13
    (anonymous namespace)::target_level_two(unsigned long)+13
    (anonymous namespace)::target_level_one(unsigned long)+13
    (anonymous namespace)::cpu_worker(int)+57
    std::thread::_State_impl<std::thread::_Invoker<std::tuple<void (*)(int), int> > >::_M_run()+17
    0x76b4cf8ecdb4
    0x76b4cf49caa4
    0x76b4cf529c6c
]: 5
@[
    0x76b4cfbf049c
    (anonymous namespace)::target_leaf(unsigned long)+123
    (anonymous namespace)::target_level_three(unsigned long)+13
    (anonymous namespace)::target_level_two(unsigned long)+13
    (anonymous namespace)::target_level_one(unsigned long)+13
    (anonymous namespace)::cpu_worker(int)+57
    std::thread::_State_impl<std::thread::_Invoker<std::tuple<void (*)(int), int> > >::_M_run()+17
    0x76b4cf8ecdb4
    0x76b4cf49caa4
    0x76b4cf529c6c
]: 5
@[
    0x76b4cfbf0c68
    (anonymous namespace)::target_leaf(unsigned long)+154
    (anonymous namespace)::target_level_three(unsigned long)+13
    (anonymous namespace)::target_level_two(unsigned long)+13
    (anonymous namespace)::target_level_one(unsigned long)+13
    (anonymous namespace)::cpu_worker(int)+57
    std::thread::_State_impl<std::thread::_Invoker<std::tuple<void (*)(int), int> > >::_M_run()+17
    0x76b4cf8ecdb4
    0x76b4cf49caa4
    0x76b4cf529c6c
]: 5
@[
    0x76b4cfbf05db
    (anonymous namespace)::target_leaf(unsigned long)+123
    (anonymous namespace)::target_level_three(unsigned long)+13
    (anonymous namespace)::target_level_two(unsigned long)+13
    (anonymous namespace)::target_level_one(unsigned long)+13
    (anonymous namespace)::cpu_worker(int)+57
    std::thread::_State_impl<std::thread::_Invoker<std::tuple<void (*)(int), int> > >::_M_run()+17
    0x76b4cf8ecdb4
    0x76b4cf49caa4
    0x76b4cf529c6c
]: 5
@[
    0x76b4cfbf0d1b
    (anonymous namespace)::target_leaf(unsigned long)+154
    (anonymous namespace)::target_level_three(unsigned long)+13
    (anonymous namespace)::target_level_two(unsigned long)+13
    (anonymous namespace)::target_level_one(unsigned long)+13
    (anonymous namespace)::cpu_worker(int)+57
    std::thread::_State_impl<std::thread::_Invoker<std::tuple<void (*)(int), int> > >::_M_run()+17
    0x76b4cf8ecdb4
    0x76b4cf49caa4
    0x76b4cf529c6c
]: 5
@[
    0x76b4cfbf02ea
    (anonymous namespace)::target_leaf(unsigned long)+123
    (anonymous namespace)::target_level_three(unsigned long)+13
    (anonymous namespace)::target_level_two(unsigned long)+13
    (anonymous namespace)::target_level_one(unsigned long)+13
    (anonymous namespace)::cpu_worker(int)+57
    std::thread::_State_impl<std::thread::_Invoker<std::tuple<void (*)(int), int> > >::_M_run()+17
    0x76b4cf8ecdb4
    0x76b4cf49caa4
    0x76b4cf529c6c
]: 5
@[
    0x76b4cfbf049c
    (anonymous namespace)::target_leaf(unsigned long)+123
    (anonymous namespace)::target_level_three(unsigned long)+13
    (anonymous namespace)::target_level_two(unsigned long)+13
    (anonymous namespace)::target_level_one(unsigned long)+13
    (anonymous namespace)::cpu_worker(int)+57
    std::thread::_State_impl<std::thread::_Invoker<std::tuple<void (*)(int), int> > >::_M_run()+17
    0x76b4cf8ecdb4
    0x76b4cf49caa4
    0x76b4cf529c6c
]: 5
@[
    0x76b4cfbf02d0
    (anonymous namespace)::target_level_three(unsigned long)+13
    (anonymous namespace)::target_level_two(unsigned long)+13
    (anonymous namespace)::target_level_one(unsigned long)+13
    (anonymous namespace)::cpu_worker(int)+57
    std::thread::_State_impl<std::thread::_Invoker<std::tuple<void (*)(int), int> > >::_M_run()+17
    0x76b4cf8ecdb4
    0x76b4cf49caa4
    0x76b4cf529c6c
]: 6
@[
    0x76b4cfbf0c79
    (anonymous namespace)::target_leaf(unsigned long)+154
    (anonymous namespace)::target_level_three(unsigned long)+13
    (anonymous namespace)::target_level_two(unsigned long)+13
    (anonymous namespace)::target_level_one(unsigned long)+13
    (anonymous namespace)::cpu_worker(int)+57
    std::thread::_State_impl<std::thread::_Invoker<std::tuple<void (*)(int), int> > >::_M_run()+17
    0x76b4cf8ecdb4
    0x76b4cf49caa4
    0x76b4cf529c6c
]: 6
@[
    0x76b4cfbf0548
    (anonymous namespace)::target_leaf(unsigned long)+123
    (anonymous namespace)::target_level_three(unsigned long)+13
    (anonymous namespace)::target_level_two(unsigned long)+13
    (anonymous namespace)::target_level_one(unsigned long)+13
    (anonymous namespace)::cpu_worker(int)+57
    std::thread::_State_impl<std::thread::_Invoker<std::tuple<void (*)(int), int> > >::_M_run()+17
    0x76b4cf8ecdb4
    0x76b4cf49caa4
    0x76b4cf529c6c
]: 6
@[
    0x76b4cfbf02ea
    (anonymous namespace)::target_leaf(unsigned long)+123
    (anonymous namespace)::target_level_three(unsigned long)+13
    (anonymous namespace)::target_level_two(unsigned long)+13
    (anonymous namespace)::target_level_one(unsigned long)+13
    (anonymous namespace)::cpu_worker(int)+57
    std::thread::_State_impl<std::thread::_Invoker<std::tuple<void (*)(int), int> > >::_M_run()+17
    0x76b4cf8ecdb4
    0x76b4cf49caa4
    0x76b4cf529c6c
]: 6
@[
    0x76b4cfbf0beb
    (anonymous namespace)::target_leaf(unsigned long)+154
    (anonymous namespace)::target_level_three(unsigned long)+13
    (anonymous namespace)::target_level_two(unsigned long)+13
    (anonymous namespace)::target_level_one(unsigned long)+13
    (anonymous namespace)::cpu_worker(int)+57
    std::thread::_State_impl<std::thread::_Invoker<std::tuple<void (*)(int), int> > >::_M_run()+17
    0x76b4cf8ecdb4
    0x76b4cf49caa4
    0x76b4cf529c6c
]: 6
@[
    0x76b4cfbf05c6
    (anonymous namespace)::target_leaf(unsigned long)+123
    (anonymous namespace)::target_level_three(unsigned long)+13
    (anonymous namespace)::target_level_two(unsigned long)+13
    (anonymous namespace)::target_level_one(unsigned long)+13
    (anonymous namespace)::cpu_worker(int)+57
    std::thread::_State_impl<std::thread::_Invoker<std::tuple<void (*)(int), int> > >::_M_run()+17
    0x76b4cf8ecdb4
    0x76b4cf49caa4
    0x76b4cf529c6c
]: 6
@[
    (anonymous namespace)::target_leaf(unsigned long)+123
    (anonymous namespace)::target_level_three(unsigned long)+13
    (anonymous namespace)::target_level_two(unsigned long)+13
    (anonymous namespace)::target_level_one(unsigned long)+13
    (anonymous namespace)::cpu_worker(int)+57
    std::thread::_State_impl<std::thread::_Invoker<std::tuple<void (*)(int), int> > >::_M_run()+17
    0x76b4cf8ecdb4
    0x76b4cf49caa4
    0x76b4cf529c6c
]: 6
@[
    0x76b4cfbf02f6
    (anonymous namespace)::target_leaf(unsigned long)+123
    (anonymous namespace)::target_level_three(unsigned long)+13
    (anonymous namespace)::target_level_two(unsigned long)+13
    (anonymous namespace)::target_level_one(unsigned long)+13
    (anonymous namespace)::cpu_worker(int)+57
    std::thread::_State_impl<std::thread::_Invoker<std::tuple<void (*)(int), int> > >::_M_run()+17
    0x76b4cf8ecdb4
    0x76b4cf49caa4
    0x76b4cf529c6c
]: 7
@[
    0x76b4cfbf0599
    (anonymous namespace)::target_leaf(unsigned long)+123
    (anonymous namespace)::target_level_three(unsigned long)+13
    (anonymous namespace)::target_level_two(unsigned long)+13
    (anonymous namespace)::target_level_one(unsigned long)+13
    (anonymous namespace)::cpu_worker(int)+57
    std::thread::_State_impl<std::thread::_Invoker<std::tuple<void (*)(int), int> > >::_M_run()+17
    0x76b4cf8ecdb4
    0x76b4cf49caa4
    0x76b4cf529c6c
]: 7
@[
    0x76b4cfbf0548
    (anonymous namespace)::target_leaf(unsigned long)+123
    (anonymous namespace)::target_level_three(unsigned long)+13
    (anonymous namespace)::target_level_two(unsigned long)+13
    (anonymous namespace)::target_level_one(unsigned long)+13
    (anonymous namespace)::cpu_worker(int)+57
    std::thread::_State_impl<std::thread::_Invoker<std::tuple<void (*)(int), int> > >::_M_run()+17
    0x76b4cf8ecdb4
    0x76b4cf49caa4
    0x76b4cf529c6c
]: 7
@[
    0x76b4cfbf05ca
    (anonymous namespace)::target_leaf(unsigned long)+123
    (anonymous namespace)::target_level_three(unsigned long)+13
    (anonymous namespace)::target_level_two(unsigned long)+13
    (anonymous namespace)::target_level_one(unsigned long)+13
    (anonymous namespace)::cpu_worker(int)+57
    std::thread::_State_impl<std::thread::_Invoker<std::tuple<void (*)(int), int> > >::_M_run()+17
    0x76b4cf8ecdb4
    0x76b4cf49caa4
    0x76b4cf529c6c
]: 7
@[
    0x76b4cfbf0ca5
    (anonymous namespace)::target_leaf(unsigned long)+154
    (anonymous namespace)::target_level_three(unsigned long)+13
    (anonymous namespace)::target_level_two(unsigned long)+13
    (anonymous namespace)::target_level_one(unsigned long)+13
    (anonymous namespace)::cpu_worker(int)+57
    std::thread::_State_impl<std::thread::_Invoker<std::tuple<void (*)(int), int> > >::_M_run()+17
    0x76b4cf8ecdb4
    0x76b4cf49caa4
    0x76b4cf529c6c
]: 7
@[
    0x76b4cfbf0beb
    (anonymous namespace)::target_leaf(unsigned long)+154
    (anonymous namespace)::target_level_three(unsigned long)+13
    (anonymous namespace)::target_level_two(unsigned long)+13
    (anonymous namespace)::target_level_one(unsigned long)+13
    (anonymous namespace)::cpu_worker(int)+57
    std::thread::_State_impl<std::thread::_Invoker<std::tuple<void (*)(int), int> > >::_M_run()+17
    0x76b4cf8ecdb4
    0x76b4cf49caa4
    0x76b4cf529c6c
]: 7
@[
    0x76b4cfbf0ca5
    (anonymous namespace)::target_leaf(unsigned long)+154
    (anonymous namespace)::target_level_three(unsigned long)+13
    (anonymous namespace)::target_level_two(unsigned long)+13
    (anonymous namespace)::target_level_one(unsigned long)+13
    (anonymous namespace)::cpu_worker(int)+57
    std::thread::_State_impl<std::thread::_Invoker<std::tuple<void (*)(int), int> > >::_M_run()+17
    0x76b4cf8ecdb4
    0x76b4cf49caa4
    0x76b4cf529c6c
]: 8
@[
    0x76b4cfbf05c6
    (anonymous namespace)::target_leaf(unsigned long)+123
    (anonymous namespace)::target_level_three(unsigned long)+13
    (anonymous namespace)::target_level_two(unsigned long)+13
    (anonymous namespace)::target_level_one(unsigned long)+13
    (anonymous namespace)::cpu_worker(int)+57
    std::thread::_State_impl<std::thread::_Invoker<std::tuple<void (*)(int), int> > >::_M_run()+17
    0x76b4cf8ecdb4
    0x76b4cf49caa4
    0x76b4cf529c6c
]: 8
@[
    0x76b4cfbf0cea
    (anonymous namespace)::target_leaf(unsigned long)+154
    (anonymous namespace)::target_level_three(unsigned long)+13
    (anonymous namespace)::target_level_two(unsigned long)+13
    (anonymous namespace)::target_level_one(unsigned long)+13
    (anonymous namespace)::cpu_worker(int)+57
    std::thread::_State_impl<std::thread::_Invoker<std::tuple<void (*)(int), int> > >::_M_run()+17
    0x76b4cf8ecdb4
    0x76b4cf49caa4
    0x76b4cf529c6c
]: 8
@[
    0x76b4cfbf0af6
    (anonymous namespace)::target_leaf(unsigned long)+154
    (anonymous namespace)::target_level_three(unsigned long)+13
    (anonymous namespace)::target_level_two(unsigned long)+13
    (anonymous namespace)::target_level_one(unsigned long)+13
    (anonymous namespace)::cpu_worker(int)+57
    std::thread::_State_impl<std::thread::_Invoker<std::tuple<void (*)(int), int> > >::_M_run()+17
    0x76b4cf8ecdb4
    0x76b4cf49caa4
    0x76b4cf529c6c
]: 8
@[
    (anonymous namespace)::target_leaf(unsigned long)+123
    (anonymous namespace)::target_level_three(unsigned long)+13
    (anonymous namespace)::target_level_two(unsigned long)+13
    (anonymous namespace)::target_level_one(unsigned long)+13
    (anonymous namespace)::cpu_worker(int)+57
    std::thread::_State_impl<std::thread::_Invoker<std::tuple<void (*)(int), int> > >::_M_run()+17
    0x76b4cf8ecdb4
    0x76b4cf49caa4
    0x76b4cf529c6c
]: 8
@[
    0x76b4cfbf04cc
    (anonymous namespace)::target_leaf(unsigned long)+123
    (anonymous namespace)::target_level_three(unsigned long)+13
    (anonymous namespace)::target_level_two(unsigned long)+13
    (anonymous namespace)::target_level_one(unsigned long)+13
    (anonymous namespace)::cpu_worker(int)+57
    std::thread::_State_impl<std::thread::_Invoker<std::tuple<void (*)(int), int> > >::_M_run()+17
    0x76b4cf8ecdb4
    0x76b4cf49caa4
    0x76b4cf529c6c
]: 9
@[
    0x76b4cfbf0594
    (anonymous namespace)::target_leaf(unsigned long)+123
    (anonymous namespace)::target_level_three(unsigned long)+13
    (anonymous namespace)::target_level_two(unsigned long)+13
    (anonymous namespace)::target_level_one(unsigned long)+13
    (anonymous namespace)::cpu_worker(int)+57
    std::thread::_State_impl<std::thread::_Invoker<std::tuple<void (*)(int), int> > >::_M_run()+17
    0x76b4cf8ecdb4
    0x76b4cf49caa4
    0x76b4cf529c6c
]: 9
@[
    0x76b4cfbf0599
    (anonymous namespace)::target_leaf(unsigned long)+123
    (anonymous namespace)::target_level_three(unsigned long)+13
    (anonymous namespace)::target_level_two(unsigned long)+13
    (anonymous namespace)::target_level_one(unsigned long)+13
    (anonymous namespace)::cpu_worker(int)+57
    std::thread::_State_impl<std::thread::_Invoker<std::tuple<void (*)(int), int> > >::_M_run()+17
    0x76b4cf8ecdb4
    0x76b4cf49caa4
    0x76b4cf529c6c
]: 10
@[
    0x76b4cfbf05b4
    (anonymous namespace)::target_leaf(unsigned long)+123
    (anonymous namespace)::target_level_three(unsigned long)+13
    (anonymous namespace)::target_level_two(unsigned long)+13
    (anonymous namespace)::target_level_one(unsigned long)+13
    (anonymous namespace)::cpu_worker(int)+57
    std::thread::_State_impl<std::thread::_Invoker<std::tuple<void (*)(int), int> > >::_M_run()+17
    0x76b4cf8ecdb4
    0x76b4cf49caa4
    0x76b4cf529c6c
]: 13
@[
    0x76b4cfbf0594
    (anonymous namespace)::target_leaf(unsigned long)+123
    (anonymous namespace)::target_level_three(unsigned long)+13
    (anonymous namespace)::target_level_two(unsigned long)+13
    (anonymous namespace)::target_level_one(unsigned long)+13
    (anonymous namespace)::cpu_worker(int)+57
    std::thread::_State_impl<std::thread::_Invoker<std::tuple<void (*)(int), int> > >::_M_run()+17
    0x76b4cf8ecdb4
    0x76b4cf49caa4
    0x76b4cf529c6c
]: 14
@[
    0x76b4cfbf05c2
    (anonymous namespace)::target_leaf(unsigned long)+123
    (anonymous namespace)::target_level_three(unsigned long)+13
    (anonymous namespace)::target_level_two(unsigned long)+13
    (anonymous namespace)::target_level_one(unsigned long)+13
    (anonymous namespace)::cpu_worker(int)+57
    std::thread::_State_impl<std::thread::_Invoker<std::tuple<void (*)(int), int> > >::_M_run()+17
    0x76b4cf8ecdb4
    0x76b4cf49caa4
    0x76b4cf529c6c
]: 15
@[
    0x76b4cfbf05ba
    (anonymous namespace)::target_leaf(unsigned long)+123
    (anonymous namespace)::target_level_three(unsigned long)+13
    (anonymous namespace)::target_level_two(unsigned long)+13
    (anonymous namespace)::target_level_one(unsigned long)+13
    (anonymous namespace)::cpu_worker(int)+57
    std::thread::_State_impl<std::thread::_Invoker<std::tuple<void (*)(int), int> > >::_M_run()+17
    0x76b4cf8ecdb4
    0x76b4cf49caa4
    0x76b4cf529c6c
]: 18
@[
    0x76b4cfbf05ba
    (anonymous namespace)::target_leaf(unsigned long)+123
    (anonymous namespace)::target_level_three(unsigned long)+13
    (anonymous namespace)::target_level_two(unsigned long)+13
    (anonymous namespace)::target_level_one(unsigned long)+13
    (anonymous namespace)::cpu_worker(int)+57
    std::thread::_State_impl<std::thread::_Invoker<std::tuple<void (*)(int), int> > >::_M_run()+17
    0x76b4cf8ecdb4
    0x76b4cf49caa4
    0x76b4cf529c6c
]: 21
@[
    0x76b4cfbf05c2
    (anonymous namespace)::target_leaf(unsigned long)+123
    (anonymous namespace)::target_level_three(unsigned long)+13
    (anonymous namespace)::target_level_two(unsigned long)+13
    (anonymous namespace)::target_level_one(unsigned long)+13
    (anonymous namespace)::cpu_worker(int)+57
    std::thread::_State_impl<std::thread::_Invoker<std::tuple<void (*)(int), int> > >::_M_run()+17
    0x76b4cf8ecdb4
    0x76b4cf49caa4
    0x76b4cf529c6c
]: 24
@[
    0x76b4cfbf05b4
    (anonymous namespace)::target_leaf(unsigned long)+123
    (anonymous namespace)::target_level_three(unsigned long)+13
    (anonymous namespace)::target_level_two(unsigned long)+13
    (anonymous namespace)::target_level_one(unsigned long)+13
    (anonymous namespace)::cpu_worker(int)+57
    std::thread::_State_impl<std::thread::_Invoker<std::tuple<void (*)(int), int> > >::_M_run()+17
    0x76b4cf8ecdb4
    0x76b4cf49caa4
    0x76b4cf529c6c
]: 26
@[
    0x76b4cfbf0af4
    (anonymous namespace)::target_leaf(unsigned long)+154
    (anonymous namespace)::target_level_three(unsigned long)+13
    (anonymous namespace)::target_level_two(unsigned long)+13
    (anonymous namespace)::target_level_one(unsigned long)+13
    (anonymous namespace)::cpu_worker(int)+57
    std::thread::_State_impl<std::thread::_Invoker<std::tuple<void (*)(int), int> > >::_M_run()+17
    0x76b4cf8ecdb4
    0x76b4cf49caa4
    0x76b4cf529c6c
]: 35
@[
    0x76b4cfbf02f4
    (anonymous namespace)::target_leaf(unsigned long)+123
    (anonymous namespace)::target_level_three(unsigned long)+13
    (anonymous namespace)::target_level_two(unsigned long)+13
    (anonymous namespace)::target_level_one(unsigned long)+13
    (anonymous namespace)::cpu_worker(int)+57
    std::thread::_State_impl<std::thread::_Invoker<std::tuple<void (*)(int), int> > >::_M_run()+17
    0x76b4cf8ecdb4
    0x76b4cf49caa4
    0x76b4cf529c6c
]: 35
@[
    0x76b4cfbf02f4
    (anonymous namespace)::target_leaf(unsigned long)+123
    (anonymous namespace)::target_level_three(unsigned long)+13
    (anonymous namespace)::target_level_two(unsigned long)+13
    (anonymous namespace)::target_level_one(unsigned long)+13
    (anonymous namespace)::cpu_worker(int)+57
    std::thread::_State_impl<std::thread::_Invoker<std::tuple<void (*)(int), int> > >::_M_run()+17
    0x76b4cf8ecdb4
    0x76b4cf49caa4
    0x76b4cf529c6c
]: 38
@[
    0x76b4cfbf0af4
    (anonymous namespace)::target_leaf(unsigned long)+154
    (anonymous namespace)::target_level_three(unsigned long)+13
    (anonymous namespace)::target_level_two(unsigned long)+13
    (anonymous namespace)::target_level_one(unsigned long)+13
    (anonymous namespace)::cpu_worker(int)+57
    std::thread::_State_impl<std::thread::_Invoker<std::tuple<void (*)(int), int> > >::_M_run()+17
    0x76b4cf8ecdb4
    0x76b4cf49caa4
    0x76b4cf529c6c
]: 44
@[
    0x76b4cfbf0af1
    (anonymous namespace)::target_leaf(unsigned long)+154
    (anonymous namespace)::target_level_three(unsigned long)+13
    (anonymous namespace)::target_level_two(unsigned long)+13
    (anonymous namespace)::target_level_one(unsigned long)+13
    (anonymous namespace)::cpu_worker(int)+57
    std::thread::_State_impl<std::thread::_Invoker<std::tuple<void (*)(int), int> > >::_M_run()+17
    0x76b4cf8ecdb4
    0x76b4cf49caa4
    0x76b4cf529c6c
]: 79
@[
    0x76b4cfbf02f1
    (anonymous namespace)::target_leaf(unsigned long)+123
    (anonymous namespace)::target_level_three(unsigned long)+13
    (anonymous namespace)::target_level_two(unsigned long)+13
    (anonymous namespace)::target_level_one(unsigned long)+13
    (anonymous namespace)::cpu_worker(int)+57
    std::thread::_State_impl<std::thread::_Invoker<std::tuple<void (*)(int), int> > >::_M_run()+17
    0x76b4cf8ecdb4
    0x76b4cf49caa4
    0x76b4cf529c6c
]: 83
@[
    0x76b4cfbf02f1
    (anonymous namespace)::target_leaf(unsigned long)+123
    (anonymous namespace)::target_level_three(unsigned long)+13
    (anonymous namespace)::target_level_two(unsigned long)+13
    (anonymous namespace)::target_level_one(unsigned long)+13
    (anonymous namespace)::cpu_worker(int)+57
    std::thread::_State_impl<std::thread::_Invoker<std::tuple<void (*)(int), int> > >::_M_run()+17
    0x76b4cf8ecdb4
    0x76b4cf49caa4
    0x76b4cf529c6c
]: 87
@[
    0x76b4cfbf0af1
    (anonymous namespace)::target_leaf(unsigned long)+154
    (anonymous namespace)::target_level_three(unsigned long)+13
    (anonymous namespace)::target_level_two(unsigned long)+13
    (anonymous namespace)::target_level_one(unsigned long)+13
    (anonymous namespace)::cpu_worker(int)+57
    std::thread::_State_impl<std::thread::_Invoker<std::tuple<void (*)(int), int> > >::_M_run()+17
    0x76b4cf8ecdb4
    0x76b4cf49caa4
    0x76b4cf529c6c
]: 90
