2026/05/10 15:40:05 maxprocs: Leaving GOMAXPROCS=4: CPU quota undefined

                 / _|
  __ _ _ __ __ _| |_ __ _ _ __   __ _   _ __  _   _ _ __ ___  ___  ___ ___  _ __   ___
 / _' | '__/ _' |  _/ _' | '_ \ / _' | | '_ \| | | | '__/ _ \/ __|/ __/ _ \| '_ \ / _ \
| (_| | | | (_| | || (_| | | | | (_| | | |_) | |_| | | | (_) \__ \ (_| (_) | |_) |  __/
 \__, |_|  \__,_|_| \__,_|_| |_|\__,_| | .__/ \__, |_|  \___/|___/\___\___/| .__/ \___|
  __/ |                                | |     __/ |                       | |
 |___/                                 |_|    |___/                        |_|
 
2026-05-10T15:40:05.585Z [INFO]  raft: initial configuration: index=0 servers=[]
2026-05-10T15:40:05.585Z [INFO]  raft: entering follower state: follower="Node at 127.0.0.1:9099 [Follower]" leader-address= leader-id=
ts=2026-05-10T15:40:05.524150782Z caller=client.go:93 level=info component=metastore-client msg="updating servers" servers="[{Raft:{Suffrage:Voter ID:localhost Address:localhost:9095} ResolvedAddress:localhost:9095}]"
ts=2026-05-10T15:40:05.524346037Z caller=client.go:128 level=info component=metastore-client msg="new client created" resolved_address=localhost:9095 raft_address=localhost:9095
ts=2026-05-10T15:40:05.524448779Z caller=modules.go:393 level=warn msg="when running with storage.backend 'filesystem' it is important that all replicas/components share the same filesystem"
ts=2026-05-10T15:40:05.525222967Z caller=server.go:401 level=info msg="server listening on addresses" http=[::]:4040 grpc=[::]:9095
ts=2026-05-10T15:40:05.527213822Z caller=modules_experimental.go:323 level=info msg="initializing metastore admin"
ts=2026-05-10T15:40:05.527221607Z caller=modules_experimental.go:333 level=info msg="registering metastore admin routes"
ts=2026-05-10T15:40:05.527754484Z caller=modules.go:589 level=info msg="initializing v2 admin (metastore-based)"
ts=2026-05-10T15:40:05.535088545Z caller=memberlist_client.go:528 level=info msg="Using memberlist cluster label and node name" cluster_label= node=f01022a8d27b-391b1950
ts=2026-05-10T15:40:05.579780969Z caller=metastore.go:217 level=info component=metastore msg="no state snapshots found"
ts=2026-05-10T15:40:05.579843106Z caller=fsm.go:154 level=info component=metastore msg="restoring state" term=0 applied_index=0
ts=2026-05-10T15:40:05.585946524Z caller=node.go:212 level=info component=metastore msg="no existing state found and auto-join is disabled, bootstrapping raft cluster..."
ts=2026-05-10T15:40:05.586087688Z caller=node_bootstrap.go:35 level=info component=metastore server_id=localhost:9099 advertise_address=localhost:9099 peers="[{Voter localhost:9099 localhost:9099}]" msg="bootstrapping raft"
ts=2026-05-10T15:40:05.602141633Z caller=recovery.go:81 component=metastore msg="recovery already stopped"
ts=2026-05-10T15:40:05.60215007Z caller=recovery.go:81 component=metastore msg="recovery already stopped"
ts=2026-05-10T15:40:05.602154618Z caller=recovery.go:81 component=metastore msg="recovery already stopped"
ts=2026-05-10T15:40:05.60299514Z caller=worker.go:113 level=info component=querier-worker msg="Starting querier worker connected to query-scheduler" scheduler=
ts=2026-05-10T15:40:05.603884504Z caller=module_service.go:82 level=info msg=starting module=metastore-client
ts=2026-05-10T15:40:05.603905293Z caller=module_service.go:82 level=info msg=starting module=query-diagnostics-store
ts=2026-05-10T15:40:05.603941621Z caller=module_service.go:82 level=info msg=starting module=query-backend-client
ts=2026-05-10T15:40:05.603957631Z caller=module_service.go:82 level=info msg=starting module=server
ts=2026-05-10T15:40:05.604000401Z caller=module_service.go:82 level=info msg=starting module=ad-hoc-profiles
ts=2026-05-10T15:40:05.604018365Z caller=module_service.go:82 level=info msg=starting module=metastore-admin
ts=2026-05-10T15:40:05.604022923Z caller=module_service.go:82 level=info msg=starting module=placement-agent
ts=2026-05-10T15:40:05.604034985Z caller=module_service.go:82 level=info msg=starting module=placement-manager
ts=2026-05-10T15:40:05.604042189Z caller=module_service.go:82 level=info msg=starting module=query-backend
ts=2026-05-10T15:40:05.604045977Z caller=module_service.go:82 level=info msg=starting module=compaction-worker
ts=2026-05-10T15:40:05.604050906Z caller=worker.go:168 level=info component=compaction-worker msg="compaction worker thread started"
ts=2026-05-10T15:40:05.604056717Z caller=module_service.go:82 level=info msg=starting module=admin
ts=2026-05-10T15:40:05.604067807Z caller=module_service.go:82 level=info msg=starting module=memberlist-kv
ts=2026-05-10T15:40:05.60408043Z caller=module_service.go:82 level=info msg=starting module=tenant-settings
ts=2026-05-10T15:40:05.604085701Z caller=module_service.go:82 level=info msg=starting module=version
ts=2026-05-10T15:40:05.604084719Z caller=module_service.go:82 level=info msg=starting module=ring
ts=2026-05-10T15:40:05.604088836Z caller=module_service.go:82 level=info msg=starting module=usage-stats
ts=2026-05-10T15:40:05.604104756Z caller=worker.go:168 level=info component=compaction-worker msg="compaction worker thread started"
ts=2026-05-10T15:40:05.604107071Z caller=ring.go:390 level=info component=ring msg="ring doesn't exist in KV store yet"
ts=2026-05-10T15:40:05.604108483Z caller=module_service.go:82 level=info msg=starting module=metastore
ts=2026-05-10T15:40:05.604125014Z caller=worker.go:168 level=info component=compaction-worker msg="compaction worker thread started"
ts=2026-05-10T15:40:05.604129032Z caller=worker.go:168 level=info component=compaction-worker msg="compaction worker thread started"
ts=2026-05-10T15:40:05.604132448Z caller=module_service.go:82 level=info msg=starting module=segment-writer-ring
ts=2026-05-10T15:40:05.604139191Z caller=ring.go:390 level=info component=segment-writer-ring msg="ring doesn't exist in KV store yet"
ts=2026-05-10T15:40:05.604153177Z caller=module_service.go:82 level=info msg=starting module=segment-writer-client
ts=2026-05-10T15:40:05.604111208Z caller=health.go:42 level=info component=metastore msg="setting health status" status=SERVING
ts=2026-05-10T15:40:05.604180989Z caller=module_service.go:82 level=info msg=starting module=overrides-exporter
ts=2026-05-10T15:40:05.604199493Z caller=ring.go:390 level=info component=overrides-exporter msg="ring doesn't exist in KV store yet"
ts=2026-05-10T15:40:05.604203771Z caller=http.go:363 level=warn method=GET uri=/ready status=503 duration=59.621µs proto=HTTP/1.1 request_header_Accept=*/* request_header_User-Agent=curl/8.5.0 msg="http request failed" response_body="Some services are not Running:\nStarting: [compaction-worker compactor distributor ingester metastore overrides-exporter querier query-frontend query-scheduler segment-writer store-gateway usage-stats]\nRunning: [ad-hoc-profiles admin memberlist-kv metastore-admin metastore-client placement-agent placement-manager query-backend query-backend-client query-diagnostics-store ring segment-writer-client segment-writer-ring server tenant-settings version]\n\n"
ts=2026-05-10T15:40:05.604214973Z caller=basic_lifecycler.go:324 level=info component=overrides-exporter msg="instance not found in the ring" instance=f01022a8d27b ring=overrides-exporter
ts=2026-05-10T15:40:05.604252844Z caller=module_service.go:82 level=info msg=starting module=segment-writer
ts=2026-05-10T15:40:05.604248085Z caller=module_service.go:82 level=info msg=starting module=querier
ts=2026-05-10T15:40:05.604274754Z caller=lifecycler.go:694 level=info component=segment-writer msg="not loading tokens from file, tokens file path is empty"
ts=2026-05-10T15:40:05.604282309Z caller=ring.go:390 level=info component=querier-worker msg="ring doesn't exist in KV store yet"
ts=2026-05-10T15:40:05.604284723Z caller=lifecycler.go:721 level=info component=segment-writer msg="instance not found in ring, adding with no tokens" ring=segment-writer
ts=2026-05-10T15:40:05.604299861Z caller=module_service.go:82 level=info msg=starting module=compactor
ts=2026-05-10T15:40:05.604311674Z caller=ring.go:204 level=info component=overrides-exporter msg="waiting until overrides-exporter is ACTIVE in the ring"
ts=2026-05-10T15:40:05.604315281Z caller=ring.go:208 level=info component=overrides-exporter msg="overrides-exporter is ACTIVE in the ring"
ts=2026-05-10T15:40:05.604315521Z caller=module_service.go:82 level=info msg=starting module=ingester
ts=2026-05-10T15:40:05.604318105Z caller=lifecycler.go:562 level=info component=segment-writer msg="auto-joining cluster after timeout" ring=segment-writer
ts=2026-05-10T15:40:05.604326341Z caller=module_service.go:82 level=info msg=starting module=query-frontend
ts=2026-05-10T15:40:05.604341319Z caller=module_service.go:82 level=info msg=starting module=query-scheduler
ts=2026-05-10T15:40:05.60435269Z caller=ring.go:390 level=info component=frontend msg="ring doesn't exist in KV store yet"
ts=2026-05-10T15:40:05.604365063Z caller=basic_lifecycler.go:324 level=info component=scheduler msg="instance not found in the ring" instance=f01022a8d27b ring=query-scheduler
ts=2026-05-10T15:40:05.604374992Z caller=module_service.go:82 level=info msg=starting module=store-gateway
ts=2026-05-10T15:40:05.604381524Z caller=module_service.go:82 level=info msg=starting module=distributor
ts=2026-05-10T15:40:05.604417451Z caller=ring.go:390 level=info msg="ring doesn't exist in KV store yet"
ts=2026-05-10T15:40:05.604418263Z caller=basic_lifecycler.go:324 level=info component=distributor msg="instance not found in the ring" instance=f01022a8d27b ring=distributor
ts=2026-05-10T15:40:05.604431237Z caller=basic_lifecycler.go:324 level=info msg="instance not found in the ring" instance=f01022a8d27b ring=store-gateway
ts=2026-05-10T15:40:05.604439061Z caller=lifecycler.go:694 level=info msg="not loading tokens from file, tokens file path is empty"
ts=2026-05-10T15:40:05.604438761Z caller=basic_lifecycler_delegates.go:63 level=info msg="not loading tokens from file, tokens file path is empty"
ts=2026-05-10T15:40:05.604447288Z caller=lifecycler.go:721 level=info msg="instance not found in ring, adding with no tokens" ring=ingester
ts=2026-05-10T15:40:05.60447038Z caller=lifecycler.go:562 level=info msg="auto-joining cluster after timeout" ring=ingester
ts=2026-05-10T15:40:05.604488004Z caller=health.go:42 level=info component=segment-writer msg="setting health status" status=SERVING
ts=2026-05-10T15:40:05.604572792Z caller=ring.go:390 level=info component=compactor component=compactor msg="ring doesn't exist in KV store yet"
ts=2026-05-10T15:40:05.604592258Z caller=gateway.go:185 level=info msg="waiting until store-gateway is JOINING in the ring"
ts=2026-05-10T15:40:05.604663111Z caller=basic_lifecycler.go:324 level=info component=compactor component=compactor msg="instance not found in the ring" instance=f01022a8d27b ring=compactor
ts=2026-05-10T15:40:05.604816618Z caller=compactor.go:450 level=info component=compactor component=compactor msg="waiting until compactor is ACTIVE in the ring"
ts=2026-05-10T15:40:05.773791161Z caller=compactor.go:455 level=info component=compactor component=compactor msg="compactor is ACTIVE in the ring"
ts=2026-05-10T15:40:05.773897881Z caller=compactor.go:588 level=info component=compactor component=compactor msg="discovering users from bucket"
ts=2026-05-10T15:40:05.773930131Z caller=compactor.go:598 level=info component=compactor component=compactor msg="discovered users from bucket" users=0
ts=2026-05-10T15:40:05.773996866Z caller=blocks_cleaner.go:194 level=info component=compactor component=cleaner run_id=1778427605 task=clean_up_users msg="started blocks cleanup and maintenance"
ts=2026-05-10T15:40:05.77400437Z caller=blocks_cleaner.go:200 level=info component=compactor component=cleaner run_id=1778427605 task=clean_up_users msg="successfully completed blocks cleanup and maintenance"
ts=2026-05-10T15:40:05.800213434Z caller=gateway.go:189 level=info msg="store-gateway is JOINING in the ring"
ts=2026-05-10T15:40:05.800228142Z caller=bucket_stores.go:174 level=info msg="synchronizing Pyroscope blocks for all users"
ts=2026-05-10T15:40:05.800299134Z caller=bucket_stores.go:183 level=info msg="successfully synchronized Pyroscope blocks for all users"
ts=2026-05-10T15:40:06.611005105Z caller=http.go:363 level=warn method=GET uri=/ready status=503 duration=61.305µs proto=HTTP/1.1 request_header_Accept=*/* request_header_User-Agent=curl/8.5.0 msg="http request failed" response_body="Some services are not Running:\nStarting: [store-gateway]\nRunning: [ad-hoc-profiles admin compaction-worker compactor distributor ingester memberlist-kv metastore metastore-admin metastore-client overrides-exporter placement-agent placement-manager querier query-backend query-backend-client query-diagnostics-store query-frontend query-scheduler ring segment-writer segment-writer-client segment-writer-ring server tenant-settings usage-stats version]\n\n"
ts=2026-05-10T15:40:06.801046361Z caller=gateway.go:224 level=info msg="waiting until store-gateway is ACTIVE in the ring"
ts=2026-05-10T15:40:06.938560274Z caller=gateway.go:228 level=info msg="store-gateway is ACTIVE in the ring"
ts=2026-05-10T15:40:06.938613023Z caller=pyroscope.go:628 level=info msg="Pyroscope started" version="(version=2.0.2, branch=HEAD, revision=d969f9439)"
2026-05-10T15:40:07.183Z [WARN]  raft: heartbeat timeout reached, starting election: last-leader-addr= last-leader-id=
2026-05-10T15:40:07.183Z [INFO]  raft: entering candidate state: node="Node at 127.0.0.1:9099 [Candidate]" term=2
2026-05-10T15:40:07.183Z [DEBUG] raft: pre-voting for self: term=2 id=localhost:9099
2026-05-10T15:40:07.183Z [DEBUG] raft: calculated votes needed: needed=1 term=2
2026-05-10T15:40:07.183Z [DEBUG] raft: pre-vote received: from=localhost:9099 term=2 tally=0
2026-05-10T15:40:07.183Z [DEBUG] raft: pre-vote granted: from=localhost:9099 term=2 tally=1
2026-05-10T15:40:07.183Z [INFO]  raft: pre-vote successful, starting election: term=2 tally=1 refused=0 votesNeeded=1
2026-05-10T15:40:07.197Z [DEBUG] raft: voting for self: term=2 id=localhost:9099
2026-05-10T15:40:07.209Z [DEBUG] raft: vote granted: from=localhost:9099 term=2 tally=1
2026-05-10T15:40:07.209Z [INFO]  raft: election won: term=2 tally=1
2026-05-10T15:40:07.209Z [INFO]  raft: entering leader state: leader="Node at 127.0.0.1:9099 [Leader]"
ts=2026-05-10T15:40:07.183453763Z caller=recovery.go:81 component=metastore msg="recovery already stopped"
ts=2026-05-10T15:40:07.209579381Z caller=recovery.go:71 component=metastore msg="recovery started"
ts=2026-05-10T15:40:07.617123049Z caller=http.go:363 level=warn method=GET uri=/ready status=503 duration=400.169µs proto=HTTP/1.1 request_header_Accept=*/* request_header_User-Agent=curl/8.5.0 msg="http request failed" response_body="Metastore not ready: 14.99999994s before reporting readiness\n"
ts=2026-05-10T15:40:08.622830496Z caller=http.go:363 level=warn method=GET uri=/ready status=503 duration=271.308µs proto=HTTP/1.1 request_header_Accept=*/* request_header_User-Agent=curl/8.5.0 msg="http request failed" response_body="Metastore not ready: 13.994287513s before reporting readiness\n"
ts=2026-05-10T15:40:09.628646977Z caller=http.go:363 level=warn method=GET uri=/ready status=503 duration=309.79µs proto=HTTP/1.1 request_header_Accept=*/* request_header_User-Agent=curl/8.5.0 msg="http request failed" response_body="Metastore not ready: 12.988472144s before reporting readiness\n"
ts=2026-05-10T15:40:10.604770516Z caller=worker.go:215 level=info component=querier-worker msg="adding connection" addr=172.17.0.2:4040 in-use=true
ts=2026-05-10T15:40:10.604784092Z caller=frontend_scheduler_worker.go:131 level=info component=frontend msg="adding connection to query-scheduler" addr=172.17.0.2:4040
ts=2026-05-10T15:40:10.60485278Z caller=worker.go:224 level=info component=compaction-worker msg="polling compaction jobs" updates=0 capacity=4
ts=2026-05-10T15:40:10.634244859Z caller=http.go:363 level=warn method=GET uri=/ready status=503 duration=144.419µs proto=HTTP/1.1 request_header_Accept=*/* request_header_User-Agent=curl/8.5.0 msg="http request failed" response_body="Metastore not ready: 11.982866058s before reporting readiness\n"
ts=2026-05-10T15:40:11.640090786Z caller=http.go:363 level=warn method=GET uri=/ready status=503 duration=316.432µs proto=HTTP/1.1 request_header_Accept=*/* request_header_User-Agent=curl/8.5.0 msg="http request failed" response_body="Metastore not ready: 10.977029589s before reporting readiness\n"
ts=2026-05-10T15:40:12.645698065Z caller=http.go:363 level=warn method=GET uri=/ready status=503 duration=328.315µs proto=HTTP/1.1 request_header_Accept=*/* request_header_User-Agent=curl/8.5.0 msg="http request failed" response_body="Metastore not ready: 9.971439953s before reporting readiness\n"
ts=2026-05-10T15:40:13.652063031Z caller=http.go:363 level=warn method=GET uri=/ready status=503 duration=280.024µs proto=HTTP/1.1 request_header_Accept=*/* request_header_User-Agent=curl/8.5.0 msg="http request failed" response_body="Metastore not ready: 8.965054247s before reporting readiness\n"
ts=2026-05-10T15:40:14.657874493Z caller=http.go:363 level=warn method=GET uri=/ready status=503 duration=327.994µs proto=HTTP/1.1 request_header_Accept=*/* request_header_User-Agent=curl/8.5.0 msg="http request failed" response_body="Metastore not ready: 7.959242265s before reporting readiness\n"
ts=2026-05-10T15:40:15.605122649Z caller=worker.go:224 level=info component=compaction-worker msg="polling compaction jobs" updates=0 capacity=4
ts=2026-05-10T15:40:15.663786533Z caller=http.go:363 level=warn method=GET uri=/ready status=503 duration=303.007µs proto=HTTP/1.1 request_header_Accept=*/* request_header_User-Agent=curl/8.5.0 msg="http request failed" response_body="Metastore not ready: 6.953331618s before reporting readiness\n"
ts=2026-05-10T15:40:16.669645102Z caller=http.go:363 level=warn method=GET uri=/ready status=503 duration=262.13µs proto=HTTP/1.1 request_header_Accept=*/* request_header_User-Agent=curl/8.5.0 msg="http request failed" response_body="Metastore not ready: 5.947472457s before reporting readiness\n"
ts=2026-05-10T15:40:17.675477283Z caller=http.go:363 level=warn method=GET uri=/ready status=503 duration=234.328µs proto=HTTP/1.1 request_header_Accept=*/* request_header_User-Agent=curl/8.5.0 msg="http request failed" response_body="Metastore not ready: 4.941637972s before reporting readiness\n"
ts=2026-05-10T15:40:18.680949479Z caller=http.go:363 level=warn method=GET uri=/ready status=503 duration=244.297µs proto=HTTP/1.1 request_header_Accept=*/* request_header_User-Agent=curl/8.5.0 msg="http request failed" response_body="Metastore not ready: 3.936173s before reporting readiness\n"
ts=2026-05-10T15:40:19.687110475Z caller=http.go:363 level=warn method=GET uri=/ready status=503 duration=263.092µs proto=HTTP/1.1 request_header_Accept=*/* request_header_User-Agent=curl/8.5.0 msg="http request failed" response_body="Metastore not ready: 2.930005512s before reporting readiness\n"
ts=2026-05-10T15:40:20.604468379Z caller=worker.go:224 level=info component=compaction-worker msg="polling compaction jobs" updates=0 capacity=4
ts=2026-05-10T15:40:20.693035519Z caller=http.go:363 level=warn method=GET uri=/ready status=503 duration=185.187µs proto=HTTP/1.1 request_header_Accept=*/* request_header_User-Agent=curl/8.5.0 msg="http request failed" response_body="Metastore not ready: 1.924079556s before reporting readiness\n"
ts=2026-05-10T15:40:21.6987831Z caller=http.go:363 level=warn method=GET uri=/ready status=503 duration=283.872µs proto=HTTP/1.1 request_header_Accept=*/* request_header_User-Agent=curl/8.5.0 msg="http request failed" response_body="Metastore not ready: 918.336242ms before reporting readiness\n"
ts=2026-05-10T15:40:22.704678298Z caller=http.go:363 level=warn method=GET uri=/ready status=503 duration=338.373µs proto=HTTP/1.1 request_header_Accept=*/* request_header_User-Agent=curl/8.5.0 msg="http request failed" response_body="Ingester not ready: waiting for 15s after being ready\n"
ts=2026-05-10T15:40:23.710374875Z caller=http.go:363 level=warn method=GET uri=/ready status=503 duration=284.182µs proto=HTTP/1.1 request_header_Accept=*/* request_header_User-Agent=curl/8.5.0 msg="http request failed" response_body="Ingester not ready: waiting for 15s after being ready\n"
ts=2026-05-10T15:40:24.716072072Z caller=http.go:363 level=warn method=GET uri=/ready status=503 duration=309.048µs proto=HTTP/1.1 request_header_Accept=*/* request_header_User-Agent=curl/8.5.0 msg="http request failed" response_body="Ingester not ready: waiting for 15s after being ready\n"
ts=2026-05-10T15:40:25.604690779Z caller=worker.go:224 level=info component=compaction-worker msg="polling compaction jobs" updates=0 capacity=4
ts=2026-05-10T15:40:25.722216016Z caller=http.go:363 level=warn method=GET uri=/ready status=503 duration=281.577µs proto=HTTP/1.1 request_header_Accept=*/* request_header_User-Agent=curl/8.5.0 msg="http request failed" response_body="Ingester not ready: waiting for 15s after being ready\n"
ts=2026-05-10T15:40:26.728126713Z caller=http.go:363 level=warn method=GET uri=/ready status=503 duration=315.26µs proto=HTTP/1.1 request_header_Accept=*/* request_header_User-Agent=curl/8.5.0 msg="http request failed" response_body="Ingester not ready: waiting for 15s after being ready\n"
ts=2026-05-10T15:40:27.734073478Z caller=http.go:363 level=warn method=GET uri=/ready status=503 duration=268.612µs proto=HTTP/1.1 request_header_Accept=*/* request_header_User-Agent=curl/8.5.0 msg="http request failed" response_body="Ingester not ready: waiting for 15s after being ready\n"
ts=2026-05-10T15:40:28.739966522Z caller=http.go:363 level=warn method=GET uri=/ready status=503 duration=329.897µs proto=HTTP/1.1 request_header_Accept=*/* request_header_User-Agent=curl/8.5.0 msg="http request failed" response_body="Ingester not ready: waiting for 15s after being ready\n"
ts=2026-05-10T15:40:29.745309947Z caller=http.go:363 level=warn method=GET uri=/ready status=503 duration=285.845µs proto=HTTP/1.1 request_header_Accept=*/* request_header_User-Agent=curl/8.5.0 msg="http request failed" response_body="Ingester not ready: waiting for 15s after being ready\n"
ts=2026-05-10T15:40:30.604660807Z caller=worker.go:224 level=info component=compaction-worker msg="polling compaction jobs" updates=0 capacity=4
ts=2026-05-10T15:40:30.751723536Z caller=http.go:363 level=warn method=GET uri=/ready status=503 duration=352.048µs proto=HTTP/1.1 request_header_Accept=*/* request_header_User-Agent=curl/8.5.0 msg="http request failed" response_body="Ingester not ready: waiting for 15s after being ready\n"
ts=2026-05-10T15:40:31.757993645Z caller=http.go:363 level=warn method=GET uri=/ready status=503 duration=292.397µs proto=HTTP/1.1 request_header_Accept=*/* request_header_User-Agent=curl/8.5.0 msg="http request failed" response_body="Ingester not ready: waiting for 15s after being ready\n"
ts=2026-05-10T15:40:32.763878994Z caller=http.go:363 level=warn method=GET uri=/ready status=503 duration=336.911µs proto=HTTP/1.1 request_header_Accept=*/* request_header_User-Agent=curl/8.5.0 msg="http request failed" response_body="Ingester not ready: waiting for 15s after being ready\n"
ts=2026-05-10T15:40:33.769958568Z caller=http.go:363 level=warn method=GET uri=/ready status=503 duration=293.119µs proto=HTTP/1.1 request_header_Accept=*/* request_header_User-Agent=curl/8.5.0 msg="http request failed" response_body="Ingester not ready: waiting for 15s after being ready\n"
ts=2026-05-10T15:40:34.775978439Z caller=http.go:363 level=warn method=GET uri=/ready status=503 duration=232.074µs proto=HTTP/1.1 request_header_Accept=*/* request_header_User-Agent=curl/8.5.0 msg="http request failed" response_body="Ingester not ready: waiting for 15s after being ready\n"
ts=2026-05-10T15:40:35.604481165Z caller=worker.go:224 level=info component=compaction-worker msg="polling compaction jobs" updates=0 capacity=4
ts=2026-05-10T15:40:35.782101754Z caller=http.go:363 level=warn method=GET uri=/ready status=503 duration=266.008µs proto=HTTP/1.1 request_header_Accept=*/* request_header_User-Agent=curl/8.5.0 msg="http request failed" response_body="Ingester not ready: waiting for 15s after being ready\n"
ts=2026-05-10T15:40:36.788016899Z caller=http.go:363 level=warn method=GET uri=/ready status=503 duration=268.873µs proto=HTTP/1.1 request_header_Accept=*/* request_header_User-Agent=curl/8.5.0 msg="http request failed" response_body="Ingester not ready: waiting for 15s after being ready\n"
ts=2026-05-10T15:40:37.793822911Z caller=http.go:363 level=warn method=GET uri=/ready status=503 duration=359.913µs proto=HTTP/1.1 request_header_Accept=*/* request_header_User-Agent=curl/8.5.0 msg="http request failed" response_body="Segment Writer not ready: waiting for 30s after being ready\n"
ts=2026-05-10T15:40:38.79943572Z caller=http.go:363 level=warn method=GET uri=/ready status=503 duration=302.807µs proto=HTTP/1.1 request_header_Accept=*/* request_header_User-Agent=curl/8.5.0 msg="http request failed" response_body="Segment Writer not ready: waiting for 30s after being ready\n"
ts=2026-05-10T15:40:39.805027721Z caller=http.go:363 level=warn method=GET uri=/ready status=503 duration=294.752µs proto=HTTP/1.1 request_header_Accept=*/* request_header_User-Agent=curl/8.5.0 msg="http request failed" response_body="Segment Writer not ready: waiting for 30s after being ready\n"
ts=2026-05-10T15:40:40.604314698Z caller=worker.go:224 level=info component=compaction-worker msg="polling compaction jobs" updates=0 capacity=4
ts=2026-05-10T15:40:40.811387208Z caller=http.go:363 level=warn method=GET uri=/ready status=503 duration=304.59µs proto=HTTP/1.1 request_header_Accept=*/* request_header_User-Agent=curl/8.5.0 msg="http request failed" response_body="Segment Writer not ready: waiting for 30s after being ready\n"
ts=2026-05-10T15:40:41.817134669Z caller=http.go:363 level=warn method=GET uri=/ready status=503 duration=264.875µs proto=HTTP/1.1 request_header_Accept=*/* request_header_User-Agent=curl/8.5.0 msg="http request failed" response_body="Segment Writer not ready: waiting for 30s after being ready\n"
ts=2026-05-10T15:40:42.822834983Z caller=http.go:363 level=warn method=GET uri=/ready status=503 duration=316.953µs proto=HTTP/1.1 request_header_Accept=*/* request_header_User-Agent=curl/8.5.0 msg="http request failed" response_body="Segment Writer not ready: waiting for 30s after being ready\n"
ts=2026-05-10T15:40:43.828655221Z caller=http.go:363 level=warn method=GET uri=/ready status=503 duration=241.742µs proto=HTTP/1.1 request_header_Accept=*/* request_header_User-Agent=curl/8.5.0 msg="http request failed" response_body="Segment Writer not ready: waiting for 30s after being ready\n"
ts=2026-05-10T15:40:44.834496047Z caller=http.go:363 level=warn method=GET uri=/ready status=503 duration=305.281µs proto=HTTP/1.1 request_header_Accept=*/* request_header_User-Agent=curl/8.5.0 msg="http request failed" response_body="Segment Writer not ready: waiting for 30s after being ready\n"
ts=2026-05-10T15:40:45.605075966Z caller=worker.go:224 level=info component=compaction-worker msg="polling compaction jobs" updates=0 capacity=4
ts=2026-05-10T15:40:45.84033989Z caller=http.go:363 level=warn method=GET uri=/ready status=503 duration=293.238µs proto=HTTP/1.1 request_header_Accept=*/* request_header_User-Agent=curl/8.5.0 msg="http request failed" response_body="Segment Writer not ready: waiting for 30s after being ready\n"
ts=2026-05-10T15:40:46.846355332Z caller=http.go:363 level=warn method=GET uri=/ready status=503 duration=288.761µs proto=HTTP/1.1 request_header_Accept=*/* request_header_User-Agent=curl/8.5.0 msg="http request failed" response_body="Segment Writer not ready: waiting for 30s after being ready\n"
ts=2026-05-10T15:40:47.852345658Z caller=http.go:363 level=warn method=GET uri=/ready status=503 duration=302.826µs proto=HTTP/1.1 request_header_Accept=*/* request_header_User-Agent=curl/8.5.0 msg="http request failed" response_body="Segment Writer not ready: waiting for 30s after being ready\n"
ts=2026-05-10T15:40:48.858339231Z caller=http.go:363 level=warn method=GET uri=/ready status=503 duration=282.388µs proto=HTTP/1.1 request_header_Accept=*/* request_header_User-Agent=curl/8.5.0 msg="http request failed" response_body="Segment Writer not ready: waiting for 30s after being ready\n"
ts=2026-05-10T15:40:49.86455027Z caller=http.go:363 level=warn method=GET uri=/ready status=503 duration=269.674µs proto=HTTP/1.1 request_header_Accept=*/* request_header_User-Agent=curl/8.5.0 msg="http request failed" response_body="Segment Writer not ready: waiting for 30s after being ready\n"
ts=2026-05-10T15:40:50.605048549Z caller=worker.go:224 level=info component=compaction-worker msg="polling compaction jobs" updates=0 capacity=4
ts=2026-05-10T15:40:50.87020614Z caller=http.go:363 level=warn method=GET uri=/ready status=503 duration=273.241µs proto=HTTP/1.1 request_header_Accept=*/* request_header_User-Agent=curl/8.5.0 msg="http request failed" response_body="Segment Writer not ready: waiting for 30s after being ready\n"
ts=2026-05-10T15:40:51.876039132Z caller=http.go:363 level=warn method=GET uri=/ready status=503 duration=301.194µs proto=HTTP/1.1 request_header_Accept=*/* request_header_User-Agent=curl/8.5.0 msg="http request failed" response_body="Segment Writer not ready: waiting for 30s after being ready\n"
ts=2026-05-10T15:40:52.882100491Z caller=http.go:363 level=warn method=GET uri=/ready status=503 duration=320.659µs proto=HTTP/1.1 request_header_Accept=*/* request_header_User-Agent=curl/8.5.0 msg="http request failed" response_body="Segment Writer not ready: waiting for 30s after being ready\n"
ts=2026-05-10T15:40:53.887930727Z caller=http.go:363 level=warn method=GET uri=/ready status=503 duration=275.836µs proto=HTTP/1.1 request_header_Accept=*/* request_header_User-Agent=curl/8.5.0 msg="http request failed" response_body="Segment Writer not ready: waiting for 30s after being ready\n"
ts=2026-05-10T15:40:54.893874396Z caller=http.go:363 level=warn method=GET uri=/ready status=503 duration=324.688µs proto=HTTP/1.1 request_header_Accept=*/* request_header_User-Agent=curl/8.5.0 msg="http request failed" response_body="Segment Writer not ready: waiting for 30s after being ready\n"
ts=2026-05-10T15:40:55.60412743Z caller=worker.go:224 level=info component=compaction-worker msg="polling compaction jobs" updates=0 capacity=4
ts=2026-05-10T15:40:55.899946866Z caller=http.go:363 level=warn method=GET uri=/ready status=503 duration=251.23µs proto=HTTP/1.1 request_header_Accept=*/* request_header_User-Agent=curl/8.5.0 msg="http request failed" response_body="Segment Writer not ready: waiting for 30s after being ready\n"
ts=2026-05-10T15:40:56.906294661Z caller=http.go:363 level=warn method=GET uri=/ready status=503 duration=284.963µs proto=HTTP/1.1 request_header_Accept=*/* request_header_User-Agent=curl/8.5.0 msg="http request failed" response_body="Segment Writer not ready: waiting for 30s after being ready\n"
ts=2026-05-10T15:40:57.912303421Z caller=http.go:363 level=warn method=GET uri=/ready status=503 duration=305.832µs proto=HTTP/1.1 request_header_Accept=*/* request_header_User-Agent=curl/8.5.0 msg="http request failed" response_body="Segment Writer not ready: waiting for 30s after being ready\n"
ts=2026-05-10T15:40:58.918532735Z caller=http.go:363 level=warn method=GET uri=/ready status=503 duration=283.87µs proto=HTTP/1.1 request_header_Accept=*/* request_header_User-Agent=curl/8.5.0 msg="http request failed" response_body="Segment Writer not ready: waiting for 30s after being ready\n"
ts=2026-05-10T15:40:59.924503093Z caller=http.go:363 level=warn method=GET uri=/ready status=503 duration=240.099µs proto=HTTP/1.1 request_header_Accept=*/* request_header_User-Agent=curl/8.5.0 msg="http request failed" response_body="Segment Writer not ready: waiting for 30s after being ready\n"
ts=2026-05-10T15:41:00.604856448Z caller=worker.go:224 level=info component=compaction-worker msg="polling compaction jobs" updates=0 capacity=4
ts=2026-05-10T15:41:00.930748185Z caller=http.go:363 level=warn method=GET uri=/ready status=503 duration=301.034µs proto=HTTP/1.1 request_header_Accept=*/* request_header_User-Agent=curl/8.5.0 msg="http request failed" response_body="Segment Writer not ready: waiting for 30s after being ready\n"
ts=2026-05-10T15:41:01.936429694Z caller=http.go:363 level=warn method=GET uri=/ready status=503 duration=274.984µs proto=HTTP/1.1 request_header_Accept=*/* request_header_User-Agent=curl/8.5.0 msg="http request failed" response_body="Segment Writer not ready: waiting for 30s after being ready\n"
ts=2026-05-10T15:41:02.9422277Z caller=http.go:363 level=warn method=GET uri=/ready status=503 duration=269.053µs proto=HTTP/1.1 request_header_Accept=*/* request_header_User-Agent=curl/8.5.0 msg="http request failed" response_body="Segment Writer not ready: waiting for 30s after being ready\n"
ts=2026-05-10T15:41:03.947927723Z caller=http.go:363 level=warn method=GET uri=/ready status=503 duration=314.528µs proto=HTTP/1.1 request_header_Accept=*/* request_header_User-Agent=curl/8.5.0 msg="http request failed" response_body="Segment Writer not ready: waiting for 30s after being ready\n"
ts=2026-05-10T15:41:04.953892651Z caller=http.go:363 level=warn method=GET uri=/ready status=503 duration=277.068µs proto=HTTP/1.1 request_header_Accept=*/* request_header_User-Agent=curl/8.5.0 msg="http request failed" response_body="Segment Writer not ready: waiting for 30s after being ready\n"
ts=2026-05-10T15:41:05.604420908Z caller=worker.go:224 level=info component=compaction-worker msg="polling compaction jobs" updates=0 capacity=4
ts=2026-05-10T15:41:05.95986799Z caller=http.go:363 level=warn method=GET uri=/ready status=503 duration=289.752µs proto=HTTP/1.1 request_header_Accept=*/* request_header_User-Agent=curl/8.5.0 msg="http request failed" response_body="Segment Writer not ready: waiting for 30s after being ready\n"
ts=2026-05-10T15:41:06.965440404Z caller=http.go:363 level=warn method=GET uri=/ready status=503 duration=153.476µs proto=HTTP/1.1 request_header_Accept=*/* request_header_User-Agent=curl/8.5.0 msg="http request failed" response_body="Segment Writer not ready: waiting for 30s after being ready\n"
ts=2026-05-10T15:41:10.604634141Z caller=worker.go:224 level=info component=compaction-worker msg="polling compaction jobs" updates=0 capacity=4
ts=2026-05-10T15:41:15.604468866Z caller=worker.go:224 level=info component=compaction-worker msg="polling compaction jobs" updates=0 capacity=4
ts=2026-05-10T15:41:15.632131489Z caller=worker.go:384 level=info component=compaction-worker job=d8540d3d76874db4-T-S3-L0 msg="starting compaction job" source_blocks="01KR98QWHNJ5ZXC7FA62XJ5DVA 01KR98RB6D2A0MX5XJEB3BG38H 01KR98RSV69WBTN2CPV1HSPMSA 01KR98S8FXHM8ZDSNJ8JKN1N1F"
ts=2026-05-10T15:41:15.637785919Z caller=worker.go:458 level=info component=compaction-worker job=d8540d3d76874db4-T-S3-L0 msg="compaction finished successfully" input_blocks=4 output_blocks=1
ts=2026-05-10T15:41:20.604977592Z caller=worker.go:258 level=info component=compaction-worker msg="sending update for completed job" job=d8540d3d76874db4-T-S3-L0
ts=2026-05-10T15:41:20.604994574Z caller=worker.go:224 level=info component=compaction-worker msg="polling compaction jobs" updates=1 capacity=4
ts=2026-05-10T15:41:25.604523707Z caller=worker.go:224 level=info component=compaction-worker msg="polling compaction jobs" updates=0 capacity=4
ts=2026-05-10T15:41:30.604942504Z caller=worker.go:224 level=info component=compaction-worker msg="polling compaction jobs" updates=0 capacity=4
ts=2026-05-10T15:41:35.604986Z caller=worker.go:224 level=info component=compaction-worker msg="polling compaction jobs" updates=0 capacity=4
ts=2026-05-10T15:41:40.605031149Z caller=worker.go:224 level=info component=compaction-worker msg="polling compaction jobs" updates=0 capacity=4
ts=2026-05-10T15:41:45.604465875Z caller=worker.go:224 level=info component=compaction-worker msg="polling compaction jobs" updates=0 capacity=4
ts=2026-05-10T15:41:50.604206273Z caller=worker.go:224 level=info component=compaction-worker msg="polling compaction jobs" updates=0 capacity=4
ts=2026-05-10T15:41:55.604422663Z caller=worker.go:224 level=info component=compaction-worker msg="polling compaction jobs" updates=0 capacity=4
