case=fp_enabled
frame_pointer_depth=6
frame_pointer_pc[0]=0x401769 object=./build/fp_vs_unwind.fp symbol=
frame_pointer_pc[1]=0x401779 object=./build/fp_vs_unwind.fp symbol=
frame_pointer_pc[2]=0x4010ee object=./build/fp_vs_unwind.fp symbol=main
frame_pointer_pc[3]=0x7ff6982366c1 object=/usr/lib/libc.so.6 symbol=
frame_pointer_pc[4]=0x7ff6982367f9 object=/usr/lib/libc.so.6 symbol=__libc_start_main
frame_pointer_pc[5]=0x401155 object=./build/fp_vs_unwind.fp symbol=_start
libunwind_depth=6
libunwind_pc[0]=0x401769 object=./build/fp_vs_unwind.fp symbol=
libunwind_pc[1]=0x401779 object=./build/fp_vs_unwind.fp symbol=
libunwind_pc[2]=0x4010ee object=./build/fp_vs_unwind.fp symbol=main
libunwind_pc[3]=0x7ff6982366c1 object=/usr/lib/libc.so.6 symbol=
libunwind_pc[4]=0x7ff6982367f9 object=/usr/lib/libc.so.6 symbol=__libc_start_main
libunwind_pc[5]=0x401155 object=./build/fp_vs_unwind.fp symbol=_start
total_depth=12

case=fp_omitted
frame_pointer_depth=3
frame_pointer_pc[0]=0x401759 object=./build/fp_vs_unwind.no_fp symbol=
frame_pointer_pc[1]=0x7f8ab34097f9 object=/usr/lib/libc.so.6 symbol=__libc_start_main
frame_pointer_pc[2]=0x401145 object=./build/fp_vs_unwind.no_fp symbol=_start
libunwind_depth=6
libunwind_pc[0]=0x401759 object=./build/fp_vs_unwind.no_fp symbol=
libunwind_pc[1]=0x401769 object=./build/fp_vs_unwind.no_fp symbol=
libunwind_pc[2]=0x4010e6 object=./build/fp_vs_unwind.no_fp symbol=main
libunwind_pc[3]=0x7f8ab34096c1 object=/usr/lib/libc.so.6 symbol=
libunwind_pc[4]=0x7f8ab34097f9 object=/usr/lib/libc.so.6 symbol=__libc_start_main
libunwind_pc[5]=0x401145 object=./build/fp_vs_unwind.no_fp symbol=_start
total_depth=9
