command=sudo bpftrace commands/bpftrace_ustack.bt <target-pid>
status=PASS
expected_worker_threads=6
profile_stdout_lines=1292
all_native_threads=no
live_api_fit=no

target_threads:
pid=2706 main_tid=2706 cpu_threads=2 sleep_threads=2 blocked_threads=2 seconds=14
thread role=cpu id=0 tid=2708
thread role=cpu id=1 tid=2709
thread role=sleep id=0 tid=2710
thread role=mutex_blocked id=0 tid=2712
thread role=mutex_blocked id=1 tid=2713
thread role=sleep id=1 tid=2711
sink=15960106139368682384

bpftrace_output_head:
Attaching 2 probes...


@[
    0x74187359254b
    (anonymous namespace)::target_leaf(unsigned long)+123
    (anonymous namespace)::target_level_three(unsigned long)+13
    (anonymous namespace)::target_level_two(unsigned long)+13
    (anonymous namespace)::target_level_one(unsigned long)+13
    (anonymous namespace)::cpu_worker(int)+57
    0x7418736ecdb4
    0x74187329caa4
    0x741873329c6c
]: 1
@[
    0x741873592c1f
    (anonymous namespace)::target_leaf(unsigned long)+154
    (anonymous namespace)::target_level_three(unsigned long)+13
    (anonymous namespace)::target_level_two(unsigned long)+13
    (anonymous namespace)::target_level_one(unsigned long)+13
    (anonymous namespace)::cpu_worker(int)+57
    0x7418736ecdb4
    0x74187329caa4
    0x741873329c6c
]: 1
@[
    0x7418735924b6
    (anonymous namespace)::target_leaf(unsigned long)+123
    (anonymous namespace)::target_level_three(unsigned long)+13
    (anonymous namespace)::target_level_two(unsigned long)+13
    (anonymous namespace)::target_level_one(unsigned long)+13
    (anonymous namespace)::cpu_worker(int)+57
    0x7418736ecdb4
    0x74187329caa4
    0x741873329c6c
]: 1
@[
    0x74187359253c
    (anonymous namespace)::target_leaf(unsigned long)+123
    (anonymous namespace)::target_level_three(unsigned long)+13
    (anonymous namespace)::target_level_two(unsigned long)+13
    (anonymous namespace)::target_level_one(unsigned long)+13
    (anonymous namespace)::cpu_worker(int)+57
    0x7418736ecdb4
    0x74187329caa4
    0x741873329c6c
]: 1
@[
    0x741873592c68
    (anonymous namespace)::target_leaf(unsigned long)+154
    (anonymous namespace)::target_level_three(unsigned long)+13
    (anonymous namespace)::target_level_two(unsigned long)+13
    (anonymous namespace)::target_level_one(unsigned long)+13
    (anonymous namespace)::cpu_worker(int)+57
    0x7418736ecdb4
    0x74187329caa4
    0x741873329c6c
]: 1
@[
    0x7418735927e9
    (anonymous namespace)::target_leaf(unsigned long)+123
    (anonymous namespace)::target_level_three(unsigned long)+13
    (anonymous namespace)::target_level_two(unsigned long)+13
    (anonymous namespace)::target_level_one(unsigned long)+13
    (anonymous namespace)::cpu_worker(int)+57
    0x7418736ecdb4
    0x74187329caa4
    0x741873329c6c
]: 1
@[
    0x7418735927d7
    (anonymous namespace)::target_leaf(unsigned long)+123
    (anonymous namespace)::target_level_three(unsigned long)+13
    (anonymous namespace)::target_level_two(unsigned long)+13
    (anonymous namespace)::target_level_one(unsigned long)+13
    (anonymous namespace)::cpu_worker(int)+57
    0x7418736ecdb4
    0x74187329caa4
    0x741873329c6c
]: 1

bpftrace_stderr:
