command=perf record -F 99 -e cpu-clock:u --call-graph dwarf,8192 -- profile_target_nofp
status=PASS
expected_worker_threads=6
sample_count=1186
sampled_tids=7335 7336
sampled_tid_count=2
all_native_threads=no
live_api_fit=no

target_threads:
pid=7333 main_tid=7333 cpu_threads=2 sleep_threads=2 blocked_threads=2 seconds=6
thread role=cpu id=0 tid=7335
thread role=sleep id=0 tid=7337
thread role=cpu id=1 tid=7336
thread role=mutex_blocked id=0 tid=7339
thread role=mutex_blocked id=1 tid=7340
thread role=sleep id=1 tid=7338
sink=14228271400135135109

first_perf_sample:
profile_target_    7335  3683.300431:   10101010 cpu-clock:u:
	    79c6d81025c6 [unknown] (/usr/lib/x86_64-linux-gnu/libm.so.6)
	    6309d987aac2 (anonymous namespace)::target_leaf(unsigned long)+0x72 (/home/repro/stacktrace-research-repro/schemes/ebpf-perf-bpftrace/minimal_impl/build/profile_target_nofp)
	    6309d987abbc (anonymous namespace)::target_level_three(unsigned long)+0xc (/home/repro/stacktrace-research-repro/schemes/ebpf-perf-bpftrace/minimal_impl/build/profile_target_nofp)
	    6309d987abdc (anonymous namespace)::target_level_two(unsigned long)+0xc (/home/repro/stacktrace-research-repro/schemes/ebpf-perf-bpftrace/minimal_impl/build/profile_target_nofp)
	    6309d987abfc (anonymous namespace)::target_level_one(unsigned long)+0xc (/home/repro/stacktrace-research-repro/schemes/ebpf-perf-bpftrace/minimal_impl/build/profile_target_nofp)
	    6309d987ae91 (anonymous namespace)::cpu_worker(int)+0x31 (/home/repro/stacktrace-research-repro/schemes/ebpf-perf-bpftrace/minimal_impl/build/profile_target_nofp)
	    79c6d7eecdb3 [unknown] (/usr/lib/x86_64-linux-gnu/libstdc++.so.6.0.33)
	    79c6d7a9caa3 [unknown] (/usr/lib/x86_64-linux-gnu/libc.so.6)
	    79c6d7b29c6b [unknown] (/usr/lib/x86_64-linux-gnu/libc.so.6)

profile_target_    7336  3683.300492:   10101010 cpu-clock:u:
	    79c6d81022f1 [unknown] (/usr/lib/x86_64-linux-gnu/libm.so.6)
	    6309d987aac2 (anonymous namespace)::target_leaf(unsigned long)+0x72 (/home/repro/stacktrace-research-repro/schemes/ebpf-perf-bpftrace/minimal_impl/build/profile_target_nofp)
	    6309d987abbc (anonymous namespace)::target_level_three(unsigned long)+0xc (/home/repro/stacktrace-research-repro/schemes/ebpf-perf-bpftrace/minimal_impl/build/profile_target_nofp)
	    6309d987abdc (anonymous namespace)::target_level_two(unsigned long)+0xc (/home/repro/stacktrace-research-repro/schemes/ebpf-perf-bpftrace/minimal_impl/build/profile_target_nofp)
	    6309d987abfc (anonymous namespace)::target_level_one(unsigned long)+0xc (/home/repro/stacktrace-research-repro/schemes/ebpf-perf-bpftrace/minimal_impl/build/profile_target_nofp)
	    6309d987ae91 (anonymous namespace)::cpu_worker(int)+0x31 (/home/repro/stacktrace-research-repro/schemes/ebpf-perf-bpftrace/minimal_impl/build/profile_target_nofp)
	    79c6d7eecdb3 [unknown] (/usr/lib/x86_64-linux-gnu/libstdc++.so.6.0.33)
	    79c6d7a9caa3 [unknown] (/usr/lib/x86_64-linux-gnu/libc.so.6)
	    79c6d7b29c6b [unknown] (/usr/lib/x86_64-linux-gnu/libc.so.6)

profile_target_    7335  3683.310531:   10101010 cpu-clock:u:
	    79c6d8102af1 [unknown] (/usr/lib/x86_64-linux-gnu/libm.so.6)
	    6309d987aae2 (anonymous namespace)::target_leaf(unsigned long)+0x92 (/home/repro/stacktrace-research-repro/schemes/ebpf-perf-bpftrace/minimal_impl/build/profile_target_nofp)
	    6309d987abbc (anonymous namespace)::target_level_three(unsigned long)+0xc (/home/repro/stacktrace-research-repro/schemes/ebpf-perf-bpftrace/minimal_impl/build/profile_target_nofp)
	    6309d987abdc (anonymous namespace)::target_level_two(unsigned long)+0xc (/home/repro/stacktrace-research-repro/schemes/ebpf-perf-bpftrace/minimal_impl/build/profile_target_nofp)
	    6309d987abfc (anonymous namespace)::target_level_one(unsigned long)+0xc (/home/repro/stacktrace-research-repro/schemes/ebpf-perf-bpftrace/minimal_impl/build/profile_target_nofp)
	    6309d987ae91 (anonymous namespace)::cpu_worker(int)+0x31 (/home/repro/stacktrace-research-repro/schemes/ebpf-perf-bpftrace/minimal_impl/build/profile_target_nofp)
	    79c6d7eecdb3 [unknown] (/usr/lib/x86_64-linux-gnu/libstdc++.so.6.0.33)
	    79c6d7a9caa3 [unknown] (/usr/lib/x86_64-linux-gnu/libc.so.6)
	    79c6d7b29c6b [unknown] (/usr/lib/x86_64-linux-gnu/libc.so.6)

profile_target_    7336  3683.310593:   10101010 cpu-clock:u:
	    79c6d81025b4 [unknown] (/usr/lib/x86_64-linux-gnu/libm.so.6)
	    6309d987aac2 (anonymous namespace)::target_leaf(unsigned long)+0x72 (/home/repro/stacktrace-research-repro/schemes/ebpf-perf-bpftrace/minimal_impl/build/profile_target_nofp)

perf_stderr:
