Row 1:
──────
thread_name:      clickhouse
thread_id:        3263784 -- 3.26 million
query_id:         47976e7c-8a70-469d-9dde-a660593faab5
trace_len:        25
trace_head:       [651059,603036,603788,614504,658821480,324556517,495473939,495470934]
untracked_memory: 205192

Row 2:
──────
thread_name:      clickhouse
thread_id:        3263786 -- 3.26 million
query_id:
trace_len:        11
trace_head:       [651059,603036,603108,1102638,325233272,325233957,325225085,326606161]
untracked_memory: 0

Row 3:
──────
thread_name:      Collector
thread_id:        3263787 -- 3.26 million
query_id:         47976e7c-8a70-469d-9dde-a660593faab5
trace_len:        11
trace_head:       [651059,603036,603788,613982,658821330,497070255,494686025,325834538]
untracked_memory: 704

Row 4:
──────
thread_name:      QueryPullPipeEx
thread_id:        3263788 -- 3.26 million
query_id:         47976e7c-8a70-469d-9dde-a660593faab5
trace_len:        13
trace_head:       [1146990,369064760,495268279,495267283,495382432,495324430,495321909,495320720]
untracked_memory: -4752
