Row 1:
──────
thread_name: clickhouse
thread_id:   3449572 -- 3.45 million
query_id:    37a91ff7-a53e-4ff6-8a52-5b0b9ed7ff57
res:         <scheme>-fp-build/build/fp/./contrib/llvm-project/libcxx/src/condition_variable.cpp:61
./contrib/llvm-project/libcxx/include/__condition_variable/condition_variable.h:165
./contrib/llvm-project/libcxx/include/__condition_variable/condition_variable.h:135
./src/Common/ConcurrentBoundedQueue.h:0
<scheme>-fp-build/build/fp/./src/Processors/Executors/PullingAsyncPipelineExecutor.cpp:123
<scheme>-fp-build/build/fp/./src/Processors/Executors/PullingAsyncPipelineExecutor.cpp:132
./contrib/llvm-project/libcxx/include/__vector/vector.h:388
<scheme>-fp-build/build/fp/./src/Client/LocalConnection.cpp:451
<scheme>-fp-build/build/fp/./src/Client/ClientBase.cpp:1439
<scheme>-fp-build/build/fp/./src/Client/ClientBase.cpp:1348
./contrib/boost/boost/smart_ptr/intrusive_ptr.hpp:76
./contrib/boost/boost/smart_ptr/intrusive_ptr.hpp:76
<scheme>-fp-build/build/fp/./src/Client/ClientBase.cpp:0
<scheme>-fp-build/build/fp/./src/Client/ClientBase.cpp:0
<scheme>-fp-build/build/fp/./programs/local/LocalServer.cpp:762
<scheme>-fp-build/build/fp/./base/poco/Util/src/Application.cpp:0
<scheme>-fp-build/build/fp/./programs/local/LocalServer.cpp:0
./contrib/llvm-project/libcxx/include/__vector/vector.h:250

Row 2:
──────
thread_name: clickhouse
thread_id:   3449575 -- 3.45 million
query_id:
res:         <scheme>-fp-build/build/fp/./src/IO/ReadBufferFromFileDescriptor.cpp:0
<scheme>-fp-build/build/fp/./src/IO/ReadBufferFromFileDescriptor.cpp:124
<scheme>-fp-build/build/fp/./src/IO/ReadBuffer.cpp:96
<scheme>-fp-build/build/fp/./src/Common/SignalHandlers.cpp:314
./base/poco/Foundation/src/Thread_POSIX.cpp:356

Row 3:
──────
thread_name: AsyncLogger
thread_id:   3449576 -- 3.45 million
query_id:
res:         <scheme>-fp-build/build/fp/./contrib/llvm-project/libcxx/src/condition_variable.cpp:37
./contrib/llvm-project/libcxx/include/deque:767
<scheme>-fp-build/build/fp/./src/Loggers/OwnSplitChannel.cpp:481
./base/poco/Foundation/src/Thread_POSIX.cpp:356
