Row 1:
──────
thread_name:      clickhouse
thread_id:        2731883 -- 2.73 million
query_id:         b45a37e9-712b-47c8-8489-7c9a2056a3eb
trace_len:        25
trace_head:       [651059,603036,603788,614504,668548837,333557925,505235859,505232853]
untracked_memory: 205192

Row 2:
──────
thread_name:      clickhouse
thread_id:        2731886 -- 2.73 million
query_id:
trace_len:        11
trace_head:       [651059,603036,603108,1102638,334237064,334237792,334228989,335619874]
untracked_memory: 0

Row 3:
──────
thread_name:      Collector
thread_id:        2731887 -- 2.73 million
query_id:         b45a37e9-712b-47c8-8489-7c9a2056a3eb
trace_len:        11
trace_head:       [651059,603036,603788,613982,668548687,506862558,504440692,334846122]
untracked_memory: 704

Row 4:
──────
thread_name:      QueryPullPipeEx
thread_id:        2731888 -- 2.73 million
query_id:         b45a37e9-712b-47c8-8489-7c9a2056a3eb
trace_len:        13
trace_head:       [1146990,378143222,505029685,505028689,505144249,505086766,505084211,505083086]
untracked_memory: -4960
