Row 1:
──────
thread_name: clickhouse
thread_id:   2666688 -- 2.67 million
query_id:    71218421-4844-4438-9e3f-9064b57aafc5
res:         <scheme>/build/default/./contrib/llvm-project/libcxx/src/condition_variable.cpp:61
./contrib/llvm-project/libcxx/include/__condition_variable/condition_variable.h:165
./contrib/llvm-project/libcxx/include/__condition_variable/condition_variable.h:135
./src/Common/ConcurrentBoundedQueue.h:0
<scheme>/build/default/./src/Processors/Executors/PullingAsyncPipelineExecutor.cpp:123
<scheme>/build/default/./src/Processors/Executors/PullingAsyncPipelineExecutor.cpp:132
./contrib/llvm-project/libcxx/include/__vector/vector.h:388
<scheme>/build/default/./src/Client/LocalConnection.cpp:451
<scheme>/build/default/./src/Client/ClientBase.cpp:1439
./contrib/boost/boost/smart_ptr/intrusive_ptr.hpp:71
./contrib/boost/boost/smart_ptr/intrusive_ptr.hpp:76
./contrib/boost/boost/smart_ptr/intrusive_ptr.hpp:76
<scheme>/build/default/./src/Client/ClientBase.cpp:0
<scheme>/build/default/./src/Client/ClientBase.cpp:0
<scheme>/build/default/./programs/local/LocalServer.cpp:762
<scheme>/build/default/./base/poco/Util/src/Application.cpp:0
<scheme>/build/default/./programs/local/LocalServer.cpp:0
<scheme>/build/default/./programs/main.cpp:402

Row 2:
──────
thread_name: clickhouse
thread_id:   2666691 -- 2.67 million
query_id:
res:         <scheme>/build/default/./src/IO/ReadBufferFromFileDescriptor.cpp:0
<scheme>/build/default/./src/IO/ReadBufferFromFileDescriptor.cpp:124
<scheme>/build/default/./src/IO/ReadBuffer.cpp:96
<scheme>/build/default/./src/Common/SignalHandlers.cpp:314
./base/poco/Foundation/src/Thread_POSIX.cpp:356

Row 3:
──────
thread_name: Collector
thread_id:   2666692 -- 2.67 million
query_id:    71218421-4844-4438-9e3f-9064b57aafc5
res:         <scheme>/build/default/./contrib/llvm-project/libcxx/src/condition_variable.cpp:37
./contrib/llvm-project/libcxx/include/__atomic/support/c11.h:81
./src/Processors/Formats/Impl/ParallelFormattingOutputFormat.h:0
./contrib/llvm-project/libcxx/include/__functional/function.h:0
./contrib/llvm-project/libcxx/include/__memory/unique_ptr.h:291
